2026-07-22 10:14:04.983: [INFO] OnDoneLoading sync enabled: 0
2026-07-22 11:42:12.766: [INFO] OnDoneLoading sync enabled: 0
2026-07-22 11:43:17.335: [INFO] OnDoneLoading sync enabled: 0
2026-07-22 11:50:31.958: [INFO] OnDoneLoading sync enabled: 0
2026-07-22 11:54:09.466: [INFO] OnDoneLoading sync enabled: 0
2026-07-23 09:00:55.826: [INFO] OnDoneLoading sync enabled: 0
2026-07-23 10:08:03.963: [INFO] OnDoneLoading sync enabled: 0
2026-07-24 01:59:18.919: [INFO] OnDoneLoading sync enabled: 0
2026-07-24 02:01:38.526: [INFO] OnDoneLoading sync enabled: 0
2026-07-24 02:01:50.197: [INFO] OnDoneLoading sync enabled: 0
2026-07-24 02:03:16.910: [INFO] OnDoneLoading sync enabled: 0
2026-07-24 02:05:02.371: [INFO] OnDoneLoading sync enabled: 0
2026-07-24 02:08:55.930: [INFO] OnDoneLoading sync enabled: 0
2026-07-24 02:09:20.598: [INFO] OnDoneLoading sync enabled: 0
2026-07-24 02:11:03.383: [INFO] OnDoneLoading sync enabled: 0
2026-07-24 02:11:25.675: [INFO] OnDoneLoading sync enabled: 0
2026-07-24 02:23:22.558: [INFO] OnDoneLoading sync enabled: 0
2026-07-24 02:24:32.948: [INFO] OnDoneLoading sync enabled: 0
2026-07-24 02:26:44.339: [INFO] OnDoneLoading sync enabled: 0
2026-07-24 02:26:55.293: [INFO] OnDoneLoading sync enabled: 0
2026-07-24 02:27:02.617: [INFO] OnDoneLoading sync enabled: 0
2026-07-24 02:27:33.243: [INFO] OnDoneLoading sync enabled: 0
2026-07-24 02:27:45.805: [INFO] OnDoneLoading sync enabled: 0
2026-07-26 12:18:35.970: [INFO] OnDoneLoading sync enabled: 0
2026-07-26 12:22:22.108: [INFO] OnDoneLoading sync enabled: 0
2026-07-26 14:59:55.448: [INFO] OnDoneLoading sync enabled: 0
2026-07-26 15:01:56.066: [INFO] OnDoneLoading sync enabled: 0
2026-07-26 15:03:48.998: [INFO] OnDoneLoading sync enabled: 0
2026-07-26 15:05:52.639: [INFO] OnDoneLoading sync enabled: 0
2026-07-28 07:53:23.511: [INFO] OnDoneLoading sync enabled: 0
2026-07-29 10:10:10.946: [INFO] OnDoneLoading sync enabled: 0
2026-07-30 10:44:47.212: [INFO] OnDoneLoading sync enabled: 0
2026-07-30 10:48:08.015: [INFO] OnDoneLoading sync enabled: 0
2026-07-30 10:48:12.034: [INFO] OnDoneLoading sync enabled: 0
2026-07-30 10:48:52.636: [INFO] OnDoneLoading sync enabled: 0
2026-07-30 10:51:12.114: [INFO] OnDoneLoading sync enabled: 0
2026-07-30 10:55:59.079: [INFO] OnDoneLoading sync enabled: 0
2026-07-30 10:56:24.205: [INFO] OnDoneLoading sync enabled: 0
2026-07-30 10:57:37.746: [INFO] OnDoneLoading sync enabled: 0
2026-07-30 11:01:03.551: [INFO] OnDoneLoading sync enabled: 0
2026-07-30 11:05:35.590: [INFO] OnDoneLoading sync enabled: 0
2026-07-30 11:06:06.168: [INFO] OnDoneLoading sync enabled: 0
2026-07-30 11:07:41.297: [INFO] OnDoneLoading sync enabled: 0
2026-07-30 11:09:22.037: [INFO] OnDoneLoading sync enabled: 0
2026-07-30 11:10:52.344: [INFO] OnDoneLoading sync enabled: 0
2026-07-30 11:14:56.437: [INFO] OnDoneLoading sync enabled: 0
2026-07-30 11:15:14.323: [INFO] OnDoneLoading sync enabled: 0
2026-07-30 11:21:04.058: [INFO] OnDoneLoading sync enabled: 0
2026-07-30 11:21:53.007: [INFO] OnDoneLoading sync enabled: 0
2026-07-30 11:22:43.521: [INFO] OnDoneLoading sync enabled: 0
2026-07-30 11:47:32.499: [INFO] OnDoneLoading sync enabled: 0
2026-07-30 11:48:36.930: [INFO] OnDoneLoading sync enabled: 0
2026-07-30 11:56:19.012: [INFO] OnDoneLoading sync enabled: 0
2026-07-30 16:08:36.971: [INFO] OnDoneLoading sync enabled: 0
2026-07-30 16:08:42.524: [INFO] OnDoneLoading sync enabled: 0
2026-07-31 01:36:05.726: [INFO] OnDoneLoading sync enabled: 0
2026-07-31 01:36:07.623: [INFO] OnDoneLoading sync enabled: 0
2026-07-31 01:52:01.470: [INFO] OnDoneLoading sync enabled: 0
2026-07-31 02:00:49.038: [INFO] OnDoneLoading sync enabled: 0
2026-07-31 02:01:29.937: [INFO] OnDoneLoading sync enabled: 0
2026-07-31 02:03:07.954: [INFO] OnDoneLoading sync enabled: 0
2026-07-31 02:07:34.293: [INFO] OnDoneLoading sync enabled: 0
2026-07-31 02:10:03.059: [INFO] OnDoneLoading sync enabled: 0
2026-07-31 02:18:16.990: [INFO] OnDoneLoading sync enabled: 0
2026-07-31 02:21:29.636: [INFO] OnDoneLoading sync enabled: 0
2026-07-31 02:25:31.497: [INFO] OnDoneLoading sync enabled: 0
2026-07-31 02:29:04.043: [INFO] OnDoneLoading sync enabled: 0
2026-07-31 02:29:46.481: [INFO] OnDoneLoading sync enabled: 0
2026-07-31 05:53:59.007: [INFO] OnDoneLoading sync enabled: 0
2026-07-31 05:55:10.967: [INFO] OnDoneLoading sync enabled: 0
2026-07-31 05:57:59.033: [INFO] OnDoneLoading sync enabled: 0
2026-07-31 05:58:42.560: [INFO] OnDoneLoading sync enabled: 0
2026-08-01 07:25:27.096: [INFO] OnDoneLoading sync enabled: 0
2026-08-02 17:04:54.980: [INFO] OnDoneLoading sync enabled: 0
2026-08-05 10:39:02.892: [INFO] CurrentProfilePath: D:\SOA PRATICES\backend\.metadata\.plugins\org.eclipse.swt\EBWebView\Default
2026-08-05 10:39:02.892: [INFO] Profiles total count: 1
2026-08-05 10:39:02.892: [INFO] Profile: name=Profile 1 path=D:\SOA PRATICES\backend\.metadata\.plugins\org.eclipse.swt\EBWebView\Default lastActive=2026-07-31T02:18:28.331Z
2026-08-05 10:39:02.892: [INFO] LastUsedProfileDir: D:\SOA PRATICES\backend\.metadata\.plugins\org.eclipse.swt\EBWebView\Default
2026-08-05 10:39:02.892: [INFO] MostRecentlyActiveProfile: name=Profile 1 path=D:\SOA PRATICES\backend\.metadata\.plugins\org.eclipse.swt\EBWebView\Default lastActive=2026-07-31T02:18:28.331Z
2026-08-05 10:39:02.892: [INFO] OnDoneLoading sync enabled: 0
2026-08-05 10:39:02.892: [INFO] BookmarkModelLoaded, ids_reassigned: 0
2026-08-05 10:39:02.892: [INFO] BookmarksLoadDropped droppedNodes=0
2026-08-05 10:39:02.892: [INFO] BookmarksSnapshot Startup total=0 bar=0 other=0 mobile=0 showBar=0 showBarNTP=1
2026-08-05 10:42:02.941: [INFO] BookmarksSnapshot Shutdown total=0 bar=0 other=0 mobile=0 showBar=0 showBarNTP=1
2026-08-05 10:42:44.283: [INFO] CurrentProfilePath: D:\SOA PRATICES\backend\.metadata\.plugins\org.eclipse.swt\EBWebView\Default
2026-08-05 10:42:44.284: [INFO] Profiles total count: 1
2026-08-05 10:42:44.284: [INFO] Profile: name=Profile 1 path=D:\SOA PRATICES\backend\.metadata\.plugins\org.eclipse.swt\EBWebView\Default lastActive=2026-07-31T02:18:28.331Z
2026-08-05 10:42:44.284: [INFO] LastUsedProfileDir: D:\SOA PRATICES\backend\.metadata\.plugins\org.eclipse.swt\EBWebView\Default
2026-08-05 10:42:44.284: [INFO] MostRecentlyActiveProfile: name=Profile 1 path=D:\SOA PRATICES\backend\.metadata\.plugins\org.eclipse.swt\EBWebView\Default lastActive=2026-07-31T02:18:28.331Z
2026-08-05 10:42:44.284: [INFO] OnDoneLoading sync enabled: 0
2026-08-05 10:42:44.284: [INFO] BookmarkModelLoaded, ids_reassigned: 0
2026-08-05 10:42:44.284: [INFO] BookmarksLoadDropped droppedNodes=0
2026-08-05 10:42:44.284: [INFO] BookmarksSnapshot Startup total=0 bar=0 other=0 mobile=0 showBar=0 showBarNTP=1
2026-08-05 10:46:33.611: [INFO] BookmarksSnapshot Shutdown total=0 bar=0 other=0 mobile=0 showBar=0 showBarNTP=1
2026-08-05 10:48:37.216: [INFO] CurrentProfilePath: D:\SOA PRATICES\backend\.metadata\.plugins\org.eclipse.swt\EBWebView\Default
2026-08-05 10:48:37.216: [INFO] Profiles total count: 1
2026-08-05 10:48:37.217: [INFO] Profile: name=Profile 1 path=D:\SOA PRATICES\backend\.metadata\.plugins\org.eclipse.swt\EBWebView\Default lastActive=2026-07-31T02:18:28.331Z
2026-08-05 10:48:37.217: [INFO] LastUsedProfileDir: D:\SOA PRATICES\backend\.metadata\.plugins\org.eclipse.swt\EBWebView\Default
2026-08-05 10:48:37.217: [INFO] MostRecentlyActiveProfile: name=Profile 1 path=D:\SOA PRATICES\backend\.metadata\.plugins\org.eclipse.swt\EBWebView\Default lastActive=2026-07-31T02:18:28.331Z
2026-08-05 10:48:37.217: [INFO] OnDoneLoading sync enabled: 0
2026-08-05 10:48:37.217: [INFO] BookmarkModelLoaded, ids_reassigned: 0
2026-08-05 10:48:37.217: [INFO] BookmarksLoadDropped droppedNodes=0
2026-08-05 10:48:37.217: [INFO] BookmarksSnapshot Startup total=0 bar=0 other=0 mobile=0 showBar=0 showBarNTP=1
2026-08-05 10:54:25.193: [INFO] BookmarksSnapshot Shutdown total=0 bar=0 other=0 mobile=0 showBar=0 showBarNTP=1
2026-08-05 10:56:14.579: [INFO] CurrentProfilePath: D:\SOA PRATICES\backend\.metadata\.plugins\org.eclipse.swt\EBWebView\Default
2026-08-05 10:56:14.579: [INFO] Profiles total count: 1
2026-08-05 10:56:14.579: [INFO] Profile: name=Profile 1 path=D:\SOA PRATICES\backend\.metadata\.plugins\org.eclipse.swt\EBWebView\Default lastActive=2026-07-31T02:18:28.331Z
2026-08-05 10:56:14.579: [INFO] LastUsedProfileDir: D:\SOA PRATICES\backend\.metadata\.plugins\org.eclipse.swt\EBWebView\Default
2026-08-05 10:56:14.579: [INFO] MostRecentlyActiveProfile: name=Profile 1 path=D:\SOA PRATICES\backend\.metadata\.plugins\org.eclipse.swt\EBWebView\Default lastActive=2026-07-31T02:18:28.331Z
2026-08-05 10:56:14.579: [INFO] OnDoneLoading sync enabled: 0
2026-08-05 10:56:14.579: [INFO] BookmarkModelLoaded, ids_reassigned: 0
2026-08-05 10:56:14.579: [INFO] BookmarksLoadDropped droppedNodes=0
2026-08-05 10:56:14.579: [INFO] BookmarksSnapshot Startup total=0 bar=0 other=0 mobile=0 showBar=0 showBarNTP=1
2026-08-05 14:02:30.137: [INFO] BookmarksSnapshot Shutdown total=0 bar=0 other=0 mobile=0 showBar=0 showBarNTP=1
2026-08-05 14:53:51.834: [INFO] CurrentProfilePath: D:\SOA PRATICES\backend\.metadata\.plugins\org.eclipse.swt\EBWebView\Default
2026-08-05 14:53:51.834: [INFO] Profiles total count: 1
2026-08-05 14:53:51.834: [INFO] Profile: name=Profile 1 path=D:\SOA PRATICES\backend\.metadata\.plugins\org.eclipse.swt\EBWebView\Default lastActive=2026-07-31T02:18:28.331Z
2026-08-05 14:53:51.834: [INFO] LastUsedProfileDir: D:\SOA PRATICES\backend\.metadata\.plugins\org.eclipse.swt\EBWebView\Default
2026-08-05 14:53:51.834: [INFO] MostRecentlyActiveProfile: name=Profile 1 path=D:\SOA PRATICES\backend\.metadata\.plugins\org.eclipse.swt\EBWebView\Default lastActive=2026-07-31T02:18:28.331Z
2026-08-05 14:53:51.834: [INFO] OnDoneLoading sync enabled: 0
2026-08-05 14:53:51.834: [INFO] BookmarkModelLoaded, ids_reassigned: 0
2026-08-05 14:53:51.834: [INFO] BookmarksLoadDropped droppedNodes=0
2026-08-05 14:53:51.834: [INFO] BookmarksSnapshot Startup total=0 bar=0 other=0 mobile=0 showBar=0 showBarNTP=1
2026-08-05 15:54:31.476: [INFO] BookmarksSnapshot Shutdown total=0 bar=0 other=0 mobile=0 showBar=0 showBarNTP=1
2026-08-06 05:58:56.394: [INFO] CurrentProfilePath: D:\SOA PRATICES\backend\.metadata\.plugins\org.eclipse.swt\EBWebView\Default
2026-08-06 05:58:56.394: [INFO] Profiles total count: 1
2026-08-06 05:58:56.395: [INFO] Profile: name=Profile 1 path=D:\SOA PRATICES\backend\.metadata\.plugins\org.eclipse.swt\EBWebView\Default lastActive=2026-07-31T02:18:28.331Z
2026-08-06 05:58:56.395: [INFO] LastUsedProfileDir: D:\SOA PRATICES\backend\.metadata\.plugins\org.eclipse.swt\EBWebView\Default
2026-08-06 05:58:56.395: [INFO] MostRecentlyActiveProfile: name=Profile 1 path=D:\SOA PRATICES\backend\.metadata\.plugins\org.eclipse.swt\EBWebView\Default lastActive=2026-07-31T02:18:28.331Z
2026-08-06 05:58:56.395: [INFO] OnDoneLoading sync enabled: 0
2026-08-06 05:58:56.395: [INFO] BookmarkModelLoaded, ids_reassigned: 0
2026-08-06 05:58:56.395: [INFO] BookmarksLoadDropped droppedNodes=0
2026-08-06 05:58:56.395: [INFO] BookmarksSnapshot Startup total=0 bar=0 other=0 mobile=0 showBar=0 showBarNTP=1
2026-08-06 06:09:21.290: [INFO] BookmarksSnapshot Shutdown total=0 bar=0 other=0 mobile=0 showBar=0 showBarNTP=1
2026-08-06 06:24:07.743: [INFO] CurrentProfilePath: D:\SOA PRATICES\backend\.metadata\.plugins\org.eclipse.swt\EBWebView\Default
2026-08-06 06:24:07.743: [INFO] Profiles total count: 1
2026-08-06 06:24:07.744: [INFO] Profile: name=Profile 1 path=D:\SOA PRATICES\backend\.metadata\.plugins\org.eclipse.swt\EBWebView\Default lastActive=2026-07-31T02:18:28.331Z
2026-08-06 06:24:07.744: [INFO] LastUsedProfileDir: D:\SOA PRATICES\backend\.metadata\.plugins\org.eclipse.swt\EBWebView\Default
2026-08-06 06:24:07.744: [INFO] MostRecentlyActiveProfile: name=Profile 1 path=D:\SOA PRATICES\backend\.metadata\.plugins\org.eclipse.swt\EBWebView\Default lastActive=2026-07-31T02:18:28.331Z
2026-08-06 06:24:07.744: [INFO] OnDoneLoading sync enabled: 0
2026-08-06 06:24:07.744: [INFO] BookmarkModelLoaded, ids_reassigned: 0
2026-08-06 06:24:07.744: [INFO] BookmarksLoadDropped droppedNodes=0
2026-08-06 06:24:07.744: [INFO] BookmarksSnapshot Startup total=0 bar=0 other=0 mobile=0 showBar=0 showBarNTP=1
2026-08-06 06:29:10.235: [INFO] BookmarksSnapshot Shutdown total=0 bar=0 other=0 mobile=0 showBar=0 showBarNTP=1
2026-08-06 10:17:37.762: [INFO] CurrentProfilePath: D:\SOA PRATICES\backend\.metadata\.plugins\org.eclipse.swt\EBWebView\Default
2026-08-06 10:17:37.762: [INFO] Profiles total count: 1
2026-08-06 10:17:37.762: [INFO] Profile: name=Profile 1 path=D:\SOA PRATICES\backend\.metadata\.plugins\org.eclipse.swt\EBWebView\Default lastActive=2026-07-31T02:18:28.331Z
2026-08-06 10:17:37.762: [INFO] LastUsedProfileDir: D:\SOA PRATICES\backend\.metadata\.plugins\org.eclipse.swt\EBWebView\Default
2026-08-06 10:17:37.762: [INFO] MostRecentlyActiveProfile: name=Profile 1 path=D:\SOA PRATICES\backend\.metadata\.plugins\org.eclipse.swt\EBWebView\Default lastActive=2026-07-31T02:18:28.331Z
2026-08-06 10:17:37.762: [INFO] OnDoneLoading sync enabled: 0
2026-08-06 10:17:37.762: [INFO] BookmarkModelLoaded, ids_reassigned: 0
2026-08-06 10:17:37.762: [INFO] BookmarksLoadDropped droppedNodes=0
2026-08-06 10:17:37.762: [INFO] BookmarksSnapshot Startup total=0 bar=0 other=0 mobile=0 showBar=0 showBarNTP=1
2026-08-06 10:22:27.889: [INFO] BookmarksSnapshot Shutdown total=0 bar=0 other=0 mobile=0 showBar=0 showBarNTP=1
2026-08-06 14:55:09.289: [INFO] CurrentProfilePath: D:\SOA PRATICES\backend\.metadata\.plugins\org.eclipse.swt\EBWebView\Default
2026-08-06 14:55:09.289: [INFO] Profiles total count: 1
2026-08-06 14:55:09.289: [INFO] Profile: name=Profile 1 path=D:\SOA PRATICES\backend\.metadata\.plugins\org.eclipse.swt\EBWebView\Default lastActive=2026-07-31T02:18:28.331Z
2026-08-06 14:55:09.289: [INFO] LastUsedProfileDir: D:\SOA PRATICES\backend\.metadata\.plugins\org.eclipse.swt\EBWebView\Default
2026-08-06 14:55:09.289: [INFO] MostRecentlyActiveProfile: name=Profile 1 path=D:\SOA PRATICES\backend\.metadata\.plugins\org.eclipse.swt\EBWebView\Default lastActive=2026-07-31T02:18:28.331Z
2026-08-06 14:55:09.289: [INFO] OnDoneLoading sync enabled: 0
2026-08-06 14:55:09.289: [INFO] BookmarkModelLoaded, ids_reassigned: 0
2026-08-06 14:55:09.289: [INFO] BookmarksLoadDropped droppedNodes=0
2026-08-06 14:55:09.289: [INFO] BookmarksSnapshot Startup total=0 bar=0 other=0 mobile=0 showBar=0 showBarNTP=1
2026-08-06 14:56:33.513: [INFO] BookmarksSnapshot Shutdown total=0 bar=0 other=0 mobile=0 showBar=0 showBarNTP=1
2026-08-06 15:00:36.900: [INFO] CurrentProfilePath: D:\SOA PRATICES\backend\.metadata\.plugins\org.eclipse.swt\EBWebView\Default
2026-08-06 15:00:36.900: [INFO] Profiles total count: 1
2026-08-06 15:00:36.900: [INFO] Profile: name=Profile 1 path=D:\SOA PRATICES\backend\.metadata\.plugins\org.eclipse.swt\EBWebView\Default lastActive=2026-07-31T02:18:28.331Z
2026-08-06 15:00:36.900: [INFO] LastUsedProfileDir: D:\SOA PRATICES\backend\.metadata\.plugins\org.eclipse.swt\EBWebView\Default
2026-08-06 15:00:36.901: [INFO] MostRecentlyActiveProfile: name=Profile 1 path=D:\SOA PRATICES\backend\.metadata\.plugins\org.eclipse.swt\EBWebView\Default lastActive=2026-07-31T02:18:28.331Z
2026-08-06 15:00:36.901: [INFO] OnDoneLoading sync enabled: 0
2026-08-06 15:00:36.901: [INFO] BookmarkModelLoaded, ids_reassigned: 0
2026-08-06 15:00:36.901: [INFO] BookmarksLoadDropped droppedNodes=0
2026-08-06 15:00:36.901: [INFO] BookmarksSnapshot Startup total=0 bar=0 other=0 mobile=0 showBar=0 showBarNTP=1
2026-08-06 15:07:13.237: [INFO] BookmarksSnapshot Shutdown total=0 bar=0 other=0 mobile=0 showBar=0 showBarNTP=1
2026-08-06 15:07:48.501: [INFO] CurrentProfilePath: D:\SOA PRATICES\backend\.metadata\.plugins\org.eclipse.swt\EBWebView\Default
2026-08-06 15:07:48.501: [INFO] Profiles total count: 1
2026-08-06 15:07:48.501: [INFO] Profile: name=Profile 1 path=D:\SOA PRATICES\backend\.metadata\.plugins\org.eclipse.swt\EBWebView\Default lastActive=2026-07-31T02:18:28.331Z
2026-08-06 15:07:48.501: [INFO] LastUsedProfileDir: D:\SOA PRATICES\backend\.metadata\.plugins\org.eclipse.swt\EBWebView\Default
2026-08-06 15:07:48.501: [INFO] MostRecentlyActiveProfile: name=Profile 1 path=D:\SOA PRATICES\backend\.metadata\.plugins\org.eclipse.swt\EBWebView\Default lastActive=2026-07-31T02:18:28.331Z
2026-08-06 15:07:48.501: [INFO] OnDoneLoading sync enabled: 0
2026-08-06 15:07:48.501: [INFO] BookmarkModelLoaded, ids_reassigned: 0
2026-08-06 15:07:48.501: [INFO] BookmarksLoadDropped droppedNodes=0
2026-08-06 15:07:48.501: [INFO] BookmarksSnapshot Startup total=0 bar=0 other=0 mobile=0 showBar=0 showBarNTP=1
2026-08-06 15:07:52.654: [INFO] BookmarksSnapshot Shutdown total=0 bar=0 other=0 mobile=0 showBar=0 showBarNTP=1
2026-08-06 15:08:09.636: [INFO] CurrentProfilePath: D:\SOA PRATICES\backend\.metadata\.plugins\org.eclipse.swt\EBWebView\Default
2026-08-06 15:08:09.636: [INFO] Profiles total count: 1
2026-08-06 15:08:09.636: [INFO] Profile: name=Profile 1 path=D:\SOA PRATICES\backend\.metadata\.plugins\org.eclipse.swt\EBWebView\Default lastActive=2026-07-31T02:18:28.331Z
2026-08-06 15:08:09.636: [INFO] LastUsedProfileDir: D:\SOA PRATICES\backend\.metadata\.plugins\org.eclipse.swt\EBWebView\Default
2026-08-06 15:08:09.636: [INFO] MostRecentlyActiveProfile: name=Profile 1 path=D:\SOA PRATICES\backend\.metadata\.plugins\org.eclipse.swt\EBWebView\Default lastActive=2026-07-31T02:18:28.331Z
2026-08-06 15:08:09.636: [INFO] OnDoneLoading sync enabled: 0
2026-08-06 15:08:09.636: [INFO] BookmarkModelLoaded, ids_reassigned: 0
2026-08-06 15:08:09.636: [INFO] BookmarksLoadDropped droppedNodes=0
2026-08-06 15:08:09.636: [INFO] BookmarksSnapshot Startup total=0 bar=0 other=0 mobile=0 showBar=0 showBarNTP=1
2026-08-06 15:08:12.554: [INFO] BookmarksSnapshot Shutdown total=0 bar=0 other=0 mobile=0 showBar=0 showBarNTP=1
2026-08-06 15:09:00.038: [INFO] CurrentProfilePath: D:\SOA PRATICES\backend\.metadata\.plugins\org.eclipse.swt\EBWebView\Default
2026-08-06 15:09:00.038: [INFO] Profiles total count: 1
2026-08-06 15:09:00.039: [INFO] Profile: name=Profile 1 path=D:\SOA PRATICES\backend\.metadata\.plugins\org.eclipse.swt\EBWebView\Default lastActive=2026-07-31T02:18:28.331Z
2026-08-06 15:09:00.039: [INFO] LastUsedProfileDir: D:\SOA PRATICES\backend\.metadata\.plugins\org.eclipse.swt\EBWebView\Default
2026-08-06 15:09:00.039: [INFO] MostRecentlyActiveProfile: name=Profile 1 path=D:\SOA PRATICES\backend\.metadata\.plugins\org.eclipse.swt\EBWebView\Default lastActive=2026-07-31T02:18:28.331Z
2026-08-06 15:09:00.039: [INFO] OnDoneLoading sync enabled: 0
2026-08-06 15:09:00.039: [INFO] BookmarkModelLoaded, ids_reassigned: 0
2026-08-06 15:09:00.039: [INFO] BookmarksLoadDropped droppedNodes=0
2026-08-06 15:09:00.039: [INFO] BookmarksSnapshot Startup total=0 bar=0 other=0 mobile=0 showBar=0 showBarNTP=1
2026-08-06 15:09:09.157: [INFO] BookmarksSnapshot Shutdown total=0 bar=0 other=0 mobile=0 showBar=0 showBarNTP=1
2026-08-06 15:09:24.132: [INFO] CurrentProfilePath: D:\SOA PRATICES\backend\.metadata\.plugins\org.eclipse.swt\EBWebView\Default
2026-08-06 15:09:24.132: [INFO] Profiles total count: 1
2026-08-06 15:09:24.132: [INFO] Profile: name=Profile 1 path=D:\SOA PRATICES\backend\.metadata\.plugins\org.eclipse.swt\EBWebView\Default lastActive=2026-07-31T02:18:28.331Z
2026-08-06 15:09:24.132: [INFO] LastUsedProfileDir: D:\SOA PRATICES\backend\.metadata\.plugins\org.eclipse.swt\EBWebView\Default
2026-08-06 15:09:24.132: [INFO] MostRecentlyActiveProfile: name=Profile 1 path=D:\SOA PRATICES\backend\.metadata\.plugins\org.eclipse.swt\EBWebView\Default lastActive=2026-07-31T02:18:28.331Z
2026-08-06 15:09:24.132: [INFO] OnDoneLoading sync enabled: 0
2026-08-06 15:09:24.132: [INFO] BookmarkModelLoaded, ids_reassigned: 0
2026-08-06 15:09:24.132: [INFO] BookmarksLoadDropped droppedNodes=0
2026-08-06 15:09:24.132: [INFO] BookmarksSnapshot Startup total=0 bar=0 other=0 mobile=0 showBar=0 showBarNTP=1
2026-08-06 15:09:27.564: [INFO] BookmarksSnapshot Shutdown total=0 bar=0 other=0 mobile=0 showBar=0 showBarNTP=1
2026-08-06 15:13:02.466: [INFO] CurrentProfilePath: D:\SOA PRATICES\backend\.metadata\.plugins\org.eclipse.swt\EBWebView\Default
2026-08-06 15:13:02.466: [INFO] Profiles total count: 1
2026-08-06 15:13:02.466: [INFO] Profile: name=Profile 1 path=D:\SOA PRATICES\backend\.metadata\.plugins\org.eclipse.swt\EBWebView\Default lastActive=2026-07-31T02:18:28.331Z
2026-08-06 15:13:02.466: [INFO] LastUsedProfileDir: D:\SOA PRATICES\backend\.metadata\.plugins\org.eclipse.swt\EBWebView\Default
2026-08-06 15:13:02.466: [INFO] MostRecentlyActiveProfile: name=Profile 1 path=D:\SOA PRATICES\backend\.metadata\.plugins\org.eclipse.swt\EBWebView\Default lastActive=2026-07-31T02:18:28.331Z
2026-08-06 15:13:02.466: [INFO] OnDoneLoading sync enabled: 0
2026-08-06 15:13:02.466: [INFO] BookmarkModelLoaded, ids_reassigned: 0
2026-08-06 15:13:02.466: [INFO] BookmarksLoadDropped droppedNodes=0
2026-08-06 15:13:02.466: [INFO] BookmarksSnapshot Startup total=0 bar=0 other=0 mobile=0 showBar=0 showBarNTP=1
2026-08-06 15:13:11.639: [INFO] BookmarksSnapshot Shutdown total=0 bar=0 other=0 mobile=0 showBar=0 showBarNTP=1
2026-08-06 15:14:14.067: [INFO] CurrentProfilePath: D:\SOA PRATICES\backend\.metadata\.plugins\org.eclipse.swt\EBWebView\Default
2026-08-06 15:14:14.067: [INFO] Profiles total count: 1
2026-08-06 15:14:14.067: [INFO] Profile: name=Profile 1 path=D:\SOA PRATICES\backend\.metadata\.plugins\org.eclipse.swt\EBWebView\Default lastActive=2026-07-31T02:18:28.331Z
2026-08-06 15:14:14.067: [INFO] LastUsedProfileDir: D:\SOA PRATICES\backend\.metadata\.plugins\org.eclipse.swt\EBWebView\Default
2026-08-06 15:14:14.067: [INFO] MostRecentlyActiveProfile: name=Profile 1 path=D:\SOA PRATICES\backend\.metadata\.plugins\org.eclipse.swt\EBWebView\Default lastActive=2026-07-31T02:18:28.331Z
2026-08-06 15:14:14.067: [INFO] OnDoneLoading sync enabled: 0
2026-08-06 15:14:14.067: [INFO] BookmarkModelLoaded, ids_reassigned: 0
2026-08-06 15:14:14.067: [INFO] BookmarksLoadDropped droppedNodes=0
2026-08-06 15:14:14.067: [INFO] BookmarksSnapshot Startup total=0 bar=0 other=0 mobile=0 showBar=0 showBarNTP=1
2026-08-06 15:18:38.995: [INFO] BookmarksSnapshot Shutdown total=0 bar=0 other=0 mobile=0 showBar=0 showBarNTP=1
2026-08-06 15:21:03.607: [INFO] CurrentProfilePath: D:\SOA PRATICES\backend\.metadata\.plugins\org.eclipse.swt\EBWebView\Default
2026-08-06 15:21:03.607: [INFO] Profiles total count: 1
2026-08-06 15:21:03.607: [INFO] Profile: name=Profile 1 path=D:\SOA PRATICES\backend\.metadata\.plugins\org.eclipse.swt\EBWebView\Default lastActive=2026-07-31T02:18:28.331Z
2026-08-06 15:21:03.607: [INFO] LastUsedProfileDir: D:\SOA PRATICES\backend\.metadata\.plugins\org.eclipse.swt\EBWebView\Default
2026-08-06 15:21:03.607: [INFO] MostRecentlyActiveProfile: name=Profile 1 path=D:\SOA PRATICES\backend\.metadata\.plugins\org.eclipse.swt\EBWebView\Default lastActive=2026-07-31T02:18:28.331Z
2026-08-06 15:21:03.607: [INFO] OnDoneLoading sync enabled: 0
2026-08-06 15:21:03.607: [INFO] BookmarkModelLoaded, ids_reassigned: 0
2026-08-06 15:21:03.607: [INFO] BookmarksLoadDropped droppedNodes=0
2026-08-06 15:21:03.607: [INFO] BookmarksSnapshot Startup total=0 bar=0 other=0 mobile=0 showBar=0 showBarNTP=1
2026-08-06 15:21:06.378: [INFO] BookmarksSnapshot Shutdown total=0 bar=0 other=0 mobile=0 showBar=0 showBarNTP=1
2026-08-06 15:21:13.210: [INFO] CurrentProfilePath: D:\SOA PRATICES\backend\.metadata\.plugins\org.eclipse.swt\EBWebView\Default
2026-08-06 15:21:13.210: [INFO] Profiles total count: 1
2026-08-06 15:21:13.210: [INFO] Profile: name=Profile 1 path=D:\SOA PRATICES\backend\.metadata\.plugins\org.eclipse.swt\EBWebView\Default lastActive=2026-07-31T02:18:28.331Z
2026-08-06 15:21:13.210: [INFO] LastUsedProfileDir: D:\SOA PRATICES\backend\.metadata\.plugins\org.eclipse.swt\EBWebView\Default
2026-08-06 15:21:13.210: [INFO] MostRecentlyActiveProfile: name=Profile 1 path=D:\SOA PRATICES\backend\.metadata\.plugins\org.eclipse.swt\EBWebView\Default lastActive=2026-07-31T02:18:28.331Z
2026-08-06 15:21:13.210: [INFO] OnDoneLoading sync enabled: 0
2026-08-06 15:21:13.210: [INFO] BookmarkModelLoaded, ids_reassigned: 0
2026-08-06 15:21:13.210: [INFO] BookmarksLoadDropped droppedNodes=0
2026-08-06 15:21:13.210: [INFO] BookmarksSnapshot Startup total=0 bar=0 other=0 mobile=0 showBar=0 showBarNTP=1
2026-08-06 16:24:02.768: [INFO] BookmarksSnapshot Shutdown total=0 bar=0 other=0 mobile=0 showBar=0 showBarNTP=1
2026-08-06 16:29:22.687: [INFO] CurrentProfilePath: D:\SOA PRATICES\backend\.metadata\.plugins\org.eclipse.swt\EBWebView\Default
2026-08-06 16:29:22.687: [INFO] Profiles total count: 1
2026-08-06 16:29:22.688: [INFO] Profile: name=Profile 1 path=D:\SOA PRATICES\backend\.metadata\.plugins\org.eclipse.swt\EBWebView\Default lastActive=2026-07-31T02:18:28.331Z
2026-08-06 16:29:22.688: [INFO] LastUsedProfileDir: D:\SOA PRATICES\backend\.metadata\.plugins\org.eclipse.swt\EBWebView\Default
2026-08-06 16:29:22.688: [INFO] MostRecentlyActiveProfile: name=Profile 1 path=D:\SOA PRATICES\backend\.metadata\.plugins\org.eclipse.swt\EBWebView\Default lastActive=2026-07-31T02:18:28.331Z
2026-08-06 16:29:22.688: [INFO] OnDoneLoading sync enabled: 0
2026-08-06 16:29:22.688: [INFO] BookmarkModelLoaded, ids_reassigned: 0
2026-08-06 16:29:22.688: [INFO] BookmarksLoadDropped droppedNodes=0
2026-08-06 16:29:22.688: [INFO] BookmarksSnapshot Startup total=0 bar=0 other=0 mobile=0 showBar=0 showBarNTP=1
2026-08-06 16:30:34.189: [INFO] BookmarksSnapshot Shutdown total=0 bar=0 other=0 mobile=0 showBar=0 showBarNTP=1
2026-08-06 16:32:48.919: [INFO] CurrentProfilePath: D:\SOA PRATICES\backend\.metadata\.plugins\org.eclipse.swt\EBWebView\Default
2026-08-06 16:32:48.919: [INFO] Profiles total count: 1
2026-08-06 16:32:48.920: [INFO] Profile: name=Profile 1 path=D:\SOA PRATICES\backend\.metadata\.plugins\org.eclipse.swt\EBWebView\Default lastActive=2026-07-31T02:18:28.331Z
2026-08-06 16:32:48.920: [INFO] LastUsedProfileDir: D:\SOA PRATICES\backend\.metadata\.plugins\org.eclipse.swt\EBWebView\Default
2026-08-06 16:32:48.920: [INFO] MostRecentlyActiveProfile: name=Profile 1 path=D:\SOA PRATICES\backend\.metadata\.plugins\org.eclipse.swt\EBWebView\Default lastActive=2026-07-31T02:18:28.331Z
2026-08-06 16:32:48.920: [INFO] OnDoneLoading sync enabled: 0
2026-08-06 16:32:48.920: [INFO] BookmarkModelLoaded, ids_reassigned: 0
2026-08-06 16:32:48.920: [INFO] BookmarksLoadDropped droppedNodes=0
2026-08-06 16:32:48.920: [INFO] BookmarksSnapshot Startup total=0 bar=0 other=0 mobile=0 showBar=0 showBarNTP=1
2026-08-06 16:35:31.314: [INFO] BookmarksSnapshot Shutdown total=0 bar=0 other=0 mobile=0 showBar=0 showBarNTP=1
2026-08-06 16:35:55.005: [INFO] CurrentProfilePath: D:\SOA PRATICES\backend\.metadata\.plugins\org.eclipse.swt\EBWebView\Default
2026-08-06 16:35:55.005: [INFO] Profiles total count: 1
2026-08-06 16:35:55.006: [INFO] Profile: name=Profile 1 path=D:\SOA PRATICES\backend\.metadata\.plugins\org.eclipse.swt\EBWebView\Default lastActive=2026-07-31T02:18:28.331Z
2026-08-06 16:35:55.006: [INFO] LastUsedProfileDir: D:\SOA PRATICES\backend\.metadata\.plugins\org.eclipse.swt\EBWebView\Default
2026-08-06 16:35:55.006: [INFO] MostRecentlyActiveProfile: name=Profile 1 path=D:\SOA PRATICES\backend\.metadata\.plugins\org.eclipse.swt\EBWebView\Default lastActive=2026-07-31T02:18:28.331Z
2026-08-06 16:35:55.006: [INFO] OnDoneLoading sync enabled: 0
2026-08-06 16:35:55.006: [INFO] BookmarkModelLoaded, ids_reassigned: 0
2026-08-06 16:35:55.006: [INFO] BookmarksLoadDropped droppedNodes=0
2026-08-06 16:35:55.006: [INFO] BookmarksSnapshot Startup total=0 bar=0 other=0 mobile=0 showBar=0 showBarNTP=1
2026-08-06 16:39:17.393: [INFO] BookmarksSnapshot Shutdown total=0 bar=0 other=0 mobile=0 showBar=0 showBarNTP=1
2026-08-06 17:27:36.434: [INFO] CurrentProfilePath: D:\SOA PRATICES\backend\.metadata\.plugins\org.eclipse.swt\EBWebView\Default
2026-08-06 17:27:36.434: [INFO] Profiles total count: 1
2026-08-06 17:27:36.434: [INFO] Profile: name=Profile 1 path=D:\SOA PRATICES\backend\.metadata\.plugins\org.eclipse.swt\EBWebView\Default lastActive=2026-07-31T02:18:28.331Z
2026-08-06 17:27:36.434: [INFO] LastUsedProfileDir: D:\SOA PRATICES\backend\.metadata\.plugins\org.eclipse.swt\EBWebView\Default
2026-08-06 17:27:36.434: [INFO] MostRecentlyActiveProfile: name=Profile 1 path=D:\SOA PRATICES\backend\.metadata\.plugins\org.eclipse.swt\EBWebView\Default lastActive=2026-07-31T02:18:28.331Z
2026-08-06 17:27:36.434: [INFO] OnDoneLoading sync enabled: 0
2026-08-06 17:27:36.434: [INFO] BookmarkModelLoaded, ids_reassigned: 0
2026-08-06 17:27:36.434: [INFO] BookmarksLoadDropped droppedNodes=0
2026-08-06 17:27:36.434: [INFO] BookmarksSnapshot Startup total=0 bar=0 other=0 mobile=0 showBar=0 showBarNTP=1
2026-08-06 17:32:20.201: [INFO] BookmarksSnapshot Shutdown total=0 bar=0 other=0 mobile=0 showBar=0 showBarNTP=1
2026-08-06 17:32:59.216: [INFO] CurrentProfilePath: D:\SOA PRATICES\backend\.metadata\.plugins\org.eclipse.swt\EBWebView\Default
2026-08-06 17:32:59.216: [INFO] Profiles total count: 1
2026-08-06 17:32:59.217: [INFO] Profile: name=Profile 1 path=D:\SOA PRATICES\backend\.metadata\.plugins\org.eclipse.swt\EBWebView\Default lastActive=2026-08-06T17:31:18.071Z
2026-08-06 17:32:59.217: [INFO] LastUsedProfileDir: D:\SOA PRATICES\backend\.metadata\.plugins\org.eclipse.swt\EBWebView\Default
2026-08-06 17:32:59.217: [INFO] MostRecentlyActiveProfile: name=Profile 1 path=D:\SOA PRATICES\backend\.metadata\.plugins\org.eclipse.swt\EBWebView\Default lastActive=2026-08-06T17:31:18.071Z
2026-08-06 17:32:59.217: [INFO] OnDoneLoading sync enabled: 0
2026-08-06 17:32:59.217: [INFO] BookmarkModelLoaded, ids_reassigned: 0
2026-08-06 17:32:59.217: [INFO] BookmarksLoadDropped droppedNodes=0
2026-08-06 17:32:59.217: [INFO] BookmarksSnapshot Startup total=0 bar=0 other=0 mobile=0 showBar=0 showBarNTP=1
2026-08-06 17:33:28.295: [INFO] BookmarksSnapshot Shutdown total=0 bar=0 other=0 mobile=0 showBar=0 showBarNTP=1
2026-08-07 01:37:33.053: [INFO] CurrentProfilePath: D:\SOA PRATICES\backend\.metadata\.plugins\org.eclipse.swt\EBWebView\Default
2026-08-07 01:37:33.053: [INFO] Profiles total count: 1
2026-08-07 01:37:33.054: [INFO] Profile: name=Profile 1 path=D:\SOA PRATICES\backend\.metadata\.plugins\org.eclipse.swt\EBWebView\Default lastActive=2026-08-06T17:33:27.041Z
2026-08-07 01:37:33.054: [INFO] LastUsedProfileDir: D:\SOA PRATICES\backend\.metadata\.plugins\org.eclipse.swt\EBWebView\Default
2026-08-07 01:37:33.054: [INFO] MostRecentlyActiveProfile: name=Profile 1 path=D:\SOA PRATICES\backend\.metadata\.plugins\org.eclipse.swt\EBWebView\Default lastActive=2026-08-06T17:33:27.041Z
2026-08-07 01:37:33.054: [INFO] OnDoneLoading sync enabled: 0
2026-08-07 01:37:33.054: [INFO] BookmarkModelLoaded, ids_reassigned: 0
2026-08-07 01:37:33.054: [INFO] BookmarksLoadDropped droppedNodes=0
2026-08-07 01:37:33.054: [INFO] BookmarksSnapshot Startup total=0 bar=0 other=0 mobile=0 showBar=0 showBarNTP=1
2026-08-07 01:44:08.646: [INFO] BookmarksSnapshot Shutdown total=0 bar=0 other=0 mobile=0 showBar=0 showBarNTP=1
2026-08-07 02:12:23.346: [INFO] CurrentProfilePath: D:\SOA PRATICES\backend\.metadata\.plugins\org.eclipse.swt\EBWebView\Default
2026-08-07 02:12:23.346: [INFO] Profiles total count: 1
2026-08-07 02:12:23.346: [INFO] Profile: name=Profile 1 path=D:\SOA PRATICES\backend\.metadata\.plugins\org.eclipse.swt\EBWebView\Default lastActive=2026-08-07T01:44:06.930Z
2026-08-07 02:12:23.346: [INFO] LastUsedProfileDir: D:\SOA PRATICES\backend\.metadata\.plugins\org.eclipse.swt\EBWebView\Default
2026-08-07 02:12:23.347: [INFO] MostRecentlyActiveProfile: name=Profile 1 path=D:\SOA PRATICES\backend\.metadata\.plugins\org.eclipse.swt\EBWebView\Default lastActive=2026-08-07T01:44:06.930Z
2026-08-07 02:12:23.347: [INFO] OnDoneLoading sync enabled: 0
2026-08-07 02:12:23.347: [INFO] BookmarkModelLoaded, ids_reassigned: 0
2026-08-07 02:12:23.347: [INFO] BookmarksLoadDropped droppedNodes=0
2026-08-07 02:12:23.347: [INFO] BookmarksSnapshot Startup total=0 bar=0 other=0 mobile=0 showBar=0 showBarNTP=1
2026-08-07 02:12:58.079: [INFO] BookmarksSnapshot Shutdown total=0 bar=0 other=0 mobile=0 showBar=0 showBarNTP=1
2026-08-11 01:42:32.051: [INFO] CurrentProfilePath: D:\SOA PRATICES\backend\.metadata\.plugins\org.eclipse.swt\EBWebView\Default
2026-08-11 01:42:32.051: [INFO] Profiles total count: 1
2026-08-11 01:42:32.052: [INFO] Profile: name=Profile 1 path=D:\SOA PRATICES\backend\.metadata\.plugins\org.eclipse.swt\EBWebView\Default lastActive=2026-08-07T01:44:06.930Z
2026-08-11 01:42:32.052: [INFO] LastUsedProfileDir: D:\SOA PRATICES\backend\.metadata\.plugins\org.eclipse.swt\EBWebView\Default
2026-08-11 01:42:32.052: [INFO] MostRecentlyActiveProfile: name=Profile 1 path=D:\SOA PRATICES\backend\.metadata\.plugins\org.eclipse.swt\EBWebView\Default lastActive=2026-08-07T01:44:06.930Z
2026-08-11 01:42:32.052: [INFO] OnDoneLoading sync enabled: 0
2026-08-11 01:42:32.052: [INFO] BookmarkModelLoaded, ids_reassigned: 0
2026-08-11 01:42:32.052: [INFO] BookmarksLoadDropped droppedNodes=0
2026-08-11 01:42:32.052: [INFO] BookmarksSnapshot Startup total=0 bar=0 other=0 mobile=0 showBar=0 showBarNTP=1
2026-08-11 01:46:23.193: [INFO] BookmarksSnapshot Shutdown total=0 bar=0 other=0 mobile=0 showBar=0 showBarNTP=1
2026-08-11 01:47:33.197: [INFO] CurrentProfilePath: D:\SOA PRATICES\backend\.metadata\.plugins\org.eclipse.swt\EBWebView\Default
2026-08-11 01:47:33.197: [INFO] Profiles total count: 1
2026-08-11 01:47:33.198: [INFO] Profile: name=Profile 1 path=D:\SOA PRATICES\backend\.metadata\.plugins\org.eclipse.swt\EBWebView\Default lastActive=2026-08-11T01:42:41.952Z
2026-08-11 01:47:33.198: [INFO] LastUsedProfileDir: D:\SOA PRATICES\backend\.metadata\.plugins\org.eclipse.swt\EBWebView\Default
2026-08-11 01:47:33.198: [INFO] MostRecentlyActiveProfile: name=Profile 1 path=D:\SOA PRATICES\backend\.metadata\.plugins\org.eclipse.swt\EBWebView\Default lastActive=2026-08-11T01:42:41.952Z
2026-08-11 01:47:33.198: [INFO] OnDoneLoading sync enabled: 0
2026-08-11 01:47:33.198: [INFO] BookmarkModelLoaded, ids_reassigned: 0
2026-08-11 01:47:33.198: [INFO] BookmarksLoadDropped droppedNodes=0
2026-08-11 01:47:33.198: [INFO] BookmarksSnapshot Startup total=0 bar=0 other=0 mobile=0 showBar=0 showBarNTP=1
2026-08-11 02:57:40.957: [INFO] BookmarksSnapshot Shutdown total=0 bar=0 other=0 mobile=0 showBar=0 showBarNTP=1
2026-08-11 02:58:21.171: [INFO] CurrentProfilePath: D:\SOA PRATICES\backend\.metadata\.plugins\org.eclipse.swt\EBWebView\Default
2026-08-11 02:58:21.171: [INFO] Profiles total count: 1
2026-08-11 02:58:21.171: [INFO] Profile: name=Profile 1 path=D:\SOA PRATICES\backend\.metadata\.plugins\org.eclipse.swt\EBWebView\Default lastActive=2026-08-11T01:42:41.952Z
2026-08-11 02:58:21.171: [INFO] LastUsedProfileDir: D:\SOA PRATICES\backend\.metadata\.plugins\org.eclipse.swt\EBWebView\Default
2026-08-11 02:58:21.171: [INFO] MostRecentlyActiveProfile: name=Profile 1 path=D:\SOA PRATICES\backend\.metadata\.plugins\org.eclipse.swt\EBWebView\Default lastActive=2026-08-11T01:42:41.952Z
2026-08-11 02:58:21.171: [INFO] OnDoneLoading sync enabled: 0
2026-08-11 02:58:21.171: [INFO] BookmarkModelLoaded, ids_reassigned: 0
2026-08-11 02:58:21.171: [INFO] BookmarksLoadDropped droppedNodes=0
2026-08-11 02:58:21.171: [INFO] BookmarksSnapshot Startup total=0 bar=0 other=0 mobile=0 showBar=0 showBarNTP=1
2026-08-11 02:58:31.315: [INFO] BookmarksSnapshot Shutdown total=0 bar=0 other=0 mobile=0 showBar=0 showBarNTP=1
2026-08-11 03:01:35.558: [INFO] CurrentProfilePath: D:\SOA PRATICES\backend\.metadata\.plugins\org.eclipse.swt\EBWebView\Default
2026-08-11 03:01:35.558: [INFO] Profiles total count: 1
2026-08-11 03:01:35.558: [INFO] Profile: name=Profile 1 path=D:\SOA PRATICES\backend\.metadata\.plugins\org.eclipse.swt\EBWebView\Default lastActive=2026-08-11T02:58:29.384Z
2026-08-11 03:01:35.558: [INFO] LastUsedProfileDir: D:\SOA PRATICES\backend\.metadata\.plugins\org.eclipse.swt\EBWebView\Default
2026-08-11 03:01:35.558: [INFO] MostRecentlyActiveProfile: name=Profile 1 path=D:\SOA PRATICES\backend\.metadata\.plugins\org.eclipse.swt\EBWebView\Default lastActive=2026-08-11T02:58:29.384Z
2026-08-11 03:01:35.558: [INFO] OnDoneLoading sync enabled: 0
2026-08-11 03:01:35.558: [INFO] BookmarkModelLoaded, ids_reassigned: 0
2026-08-11 03:01:35.558: [INFO] BookmarksLoadDropped droppedNodes=0
2026-08-11 03:01:35.558: [INFO] BookmarksSnapshot Startup total=0 bar=0 other=0 mobile=0 showBar=0 showBarNTP=1
2026-08-11 03:05:47.490: [INFO] BookmarksSnapshot Shutdown total=0 bar=0 other=0 mobile=0 showBar=0 showBarNTP=1
2026-08-11 13:02:31.111: [INFO] CurrentProfilePath: D:\SOA PRATICES\backend\.metadata\.plugins\org.eclipse.swt\EBWebView\Default
2026-08-11 13:02:31.111: [INFO] Profiles total count: 1
2026-08-11 13:02:31.112: [INFO] Profile: name=Profile 1 path=D:\SOA PRATICES\backend\.metadata\.plugins\org.eclipse.swt\EBWebView\Default lastActive=2026-08-11T02:58:29.384Z
2026-08-11 13:02:31.112: [INFO] LastUsedProfileDir: D:\SOA PRATICES\backend\.metadata\.plugins\org.eclipse.swt\EBWebView\Default
2026-08-11 13:02:31.112: [INFO] MostRecentlyActiveProfile: name=Profile 1 path=D:\SOA PRATICES\backend\.metadata\.plugins\org.eclipse.swt\EBWebView\Default lastActive=2026-08-11T02:58:29.384Z
2026-08-11 13:02:31.112: [INFO] OnDoneLoading sync enabled: 0
2026-08-11 13:02:31.112: [INFO] BookmarkModelLoaded, ids_reassigned: 0
2026-08-11 13:02:31.112: [INFO] BookmarksLoadDropped droppedNodes=0
2026-08-11 13:02:31.112: [INFO] BookmarksSnapshot Startup total=0 bar=0 other=0 mobile=0 showBar=0 showBarNTP=1
2026-08-11 13:14:15.397: [INFO] BookmarksSnapshot Shutdown total=0 bar=0 other=0 mobile=0 showBar=0 showBarNTP=1
2026-08-11 13:14:56.673: [INFO] CurrentProfilePath: D:\SOA PRATICES\backend\.metadata\.plugins\org.eclipse.swt\EBWebView\Default
2026-08-11 13:14:56.673: [INFO] Profiles total count: 1
2026-08-11 13:14:56.673: [INFO] Profile: name=Profile 1 path=D:\SOA PRATICES\backend\.metadata\.plugins\org.eclipse.swt\EBWebView\Default lastActive=2026-08-11T02:58:29.384Z
2026-08-11 13:14:56.673: [INFO] LastUsedProfileDir: D:\SOA PRATICES\backend\.metadata\.plugins\org.eclipse.swt\EBWebView\Default
2026-08-11 13:14:56.673: [INFO] MostRecentlyActiveProfile: name=Profile 1 path=D:\SOA PRATICES\backend\.metadata\.plugins\org.eclipse.swt\EBWebView\Default lastActive=2026-08-11T02:58:29.384Z
2026-08-11 13:14:56.673: [INFO] OnDoneLoading sync enabled: 0
2026-08-11 13:14:56.673: [INFO] BookmarkModelLoaded, ids_reassigned: 0
2026-08-11 13:14:56.673: [INFO] BookmarksLoadDropped droppedNodes=0
2026-08-11 13:14:56.673: [INFO] BookmarksSnapshot Startup total=0 bar=0 other=0 mobile=0 showBar=0 showBarNTP=1
2026-08-11 13:16:07.319: [INFO] BookmarksSnapshot Shutdown total=0 bar=0 other=0 mobile=0 showBar=0 showBarNTP=1
2026-08-11 13:16:43.002: [INFO] CurrentProfilePath: D:\SOA PRATICES\backend\.metadata\.plugins\org.eclipse.swt\EBWebView\Default
2026-08-11 13:16:43.003: [INFO] Profiles total count: 1
2026-08-11 13:16:43.003: [INFO] Profile: name=Profile 1 path=D:\SOA PRATICES\backend\.metadata\.plugins\org.eclipse.swt\EBWebView\Default lastActive=2026-08-11T13:16:04.200Z
2026-08-11 13:16:43.003: [INFO] LastUsedProfileDir: D:\SOA PRATICES\backend\.metadata\.plugins\org.eclipse.swt\EBWebView\Default
2026-08-11 13:16:43.003: [INFO] MostRecentlyActiveProfile: name=Profile 1 path=D:\SOA PRATICES\backend\.metadata\.plugins\org.eclipse.swt\EBWebView\Default lastActive=2026-08-11T13:16:04.200Z
2026-08-11 13:16:43.003: [INFO] OnDoneLoading sync enabled: 0
2026-08-11 13:16:43.003: [INFO] BookmarkModelLoaded, ids_reassigned: 0
2026-08-11 13:16:43.003: [INFO] BookmarksLoadDropped droppedNodes=0
2026-08-11 13:16:43.003: [INFO] BookmarksSnapshot Startup total=0 bar=0 other=0 mobile=0 showBar=0 showBarNTP=1
2026-08-11 13:19:00.896: [INFO] BookmarksSnapshot Shutdown total=0 bar=0 other=0 mobile=0 showBar=0 showBarNTP=1
2026-08-12 10:05:25.472: [INFO] CurrentProfilePath: D:\SOA PRATICES\backend\.metadata\.plugins\org.eclipse.swt\EBWebView\Default
2026-08-12 10:05:25.472: [INFO] Profiles total count: 1
2026-08-12 10:05:25.473: [INFO] Profile: name=Profile 1 path=D:\SOA PRATICES\backend\.metadata\.plugins\org.eclipse.swt\EBWebView\Default lastActive=2026-08-11T13:17:09.260Z
2026-08-12 10:05:25.473: [INFO] LastUsedProfileDir: D:\SOA PRATICES\backend\.metadata\.plugins\org.eclipse.swt\EBWebView\Default
2026-08-12 10:05:25.473: [INFO] MostRecentlyActiveProfile: name=Profile 1 path=D:\SOA PRATICES\backend\.metadata\.plugins\org.eclipse.swt\EBWebView\Default lastActive=2026-08-11T13:17:09.260Z
2026-08-12 10:05:25.473: [INFO] OnDoneLoading sync enabled: 0
2026-08-12 10:05:25.473: [INFO] BookmarkModelLoaded, ids_reassigned: 0
2026-08-12 10:05:25.473: [INFO] BookmarksLoadDropped droppedNodes=0
2026-08-12 10:05:25.473: [INFO] BookmarksSnapshot Startup total=0 bar=0 other=0 mobile=0 showBar=0 showBarNTP=1
2026-08-12 10:19:41.978: [INFO] BookmarksSnapshot Shutdown total=0 bar=0 other=0 mobile=0 showBar=0 showBarNTP=1
2026-08-12 10:54:39.607: [INFO] CurrentProfilePath: D:\SOA PRATICES\backend\.metadata\.plugins\org.eclipse.swt\EBWebView\Default
2026-08-12 10:54:39.607: [INFO] Profiles total count: 1
2026-08-12 10:54:39.607: [INFO] Profile: name=Profile 1 path=D:\SOA PRATICES\backend\.metadata\.plugins\org.eclipse.swt\EBWebView\Default lastActive=2026-08-12T10:19:39.854Z
2026-08-12 10:54:39.607: [INFO] LastUsedProfileDir: D:\SOA PRATICES\backend\.metadata\.plugins\org.eclipse.swt\EBWebView\Default
2026-08-12 10:54:39.607: [INFO] MostRecentlyActiveProfile: name=Profile 1 path=D:\SOA PRATICES\backend\.metadata\.plugins\org.eclipse.swt\EBWebView\Default lastActive=2026-08-12T10:19:39.854Z
2026-08-12 10:54:39.607: [INFO] OnDoneLoading sync enabled: 0
2026-08-12 10:54:39.607: [INFO] BookmarkModelLoaded, ids_reassigned: 0
2026-08-12 10:54:39.607: [INFO] BookmarksLoadDropped droppedNodes=0
2026-08-12 10:54:39.607: [INFO] BookmarksSnapshot Startup total=0 bar=0 other=0 mobile=0 showBar=0 showBarNTP=1
2026-08-12 11:30:12.874: [INFO] BookmarksSnapshot Shutdown total=0 bar=0 other=0 mobile=0 showBar=0 showBarNTP=1
2026-08-12 11:34:03.654: [INFO] CurrentProfilePath: D:\SOA PRATICES\backend\.metadata\.plugins\org.eclipse.swt\EBWebView\Default
2026-08-12 11:34:03.654: [INFO] Profiles total count: 1
2026-08-12 11:34:03.654: [INFO] Profile: name=Profile 1 path=D:\SOA PRATICES\backend\.metadata\.plugins\org.eclipse.swt\EBWebView\Default lastActive=2026-08-12T11:03:47.012Z
2026-08-12 11:34:03.654: [INFO] LastUsedProfileDir: D:\SOA PRATICES\backend\.metadata\.plugins\org.eclipse.swt\EBWebView\Default
2026-08-12 11:34:03.655: [INFO] MostRecentlyActiveProfile: name=Profile 1 path=D:\SOA PRATICES\backend\.metadata\.plugins\org.eclipse.swt\EBWebView\Default lastActive=2026-08-12T11:03:47.012Z
2026-08-12 11:34:03.655: [INFO] OnDoneLoading sync enabled: 0
2026-08-12 11:34:03.655: [INFO] BookmarkModelLoaded, ids_reassigned: 0
2026-08-12 11:34:03.655: [INFO] BookmarksLoadDropped droppedNodes=0
2026-08-12 11:34:03.655: [INFO] BookmarksSnapshot Startup total=0 bar=0 other=0 mobile=0 showBar=0 showBarNTP=1
2026-08-12 11:34:20.054: [INFO] BookmarksSnapshot Shutdown total=0 bar=0 other=0 mobile=0 showBar=0 showBarNTP=1
2026-08-12 11:49:52.460: [INFO] CurrentProfilePath: D:\SOA PRATICES\backend\.metadata\.plugins\org.eclipse.swt\EBWebView\Default
2026-08-12 11:49:52.460: [INFO] Profiles total count: 1
2026-08-12 11:49:52.460: [INFO] Profile: name=Profile 1 path=D:\SOA PRATICES\backend\.metadata\.plugins\org.eclipse.swt\EBWebView\Default lastActive=2026-08-12T11:03:47.012Z
2026-08-12 11:49:52.460: [INFO] LastUsedProfileDir: D:\SOA PRATICES\backend\.metadata\.plugins\org.eclipse.swt\EBWebView\Default
2026-08-12 11:49:52.460: [INFO] MostRecentlyActiveProfile: name=Profile 1 path=D:\SOA PRATICES\backend\.metadata\.plugins\org.eclipse.swt\EBWebView\Default lastActive=2026-08-12T11:03:47.012Z
2026-08-12 11:49:52.460: [INFO] OnDoneLoading sync enabled: 0
2026-08-12 11:49:52.460: [INFO] BookmarkModelLoaded, ids_reassigned: 0
2026-08-12 11:49:52.460: [INFO] BookmarksLoadDropped droppedNodes=0
2026-08-12 11:49:52.460: [INFO] BookmarksSnapshot Startup total=0 bar=0 other=0 mobile=0 showBar=0 showBarNTP=1
2026-08-12 11:59:46.331: [INFO] BookmarksSnapshot Shutdown total=0 bar=0 other=0 mobile=0 showBar=0 showBarNTP=1
2026-08-13 07:39:59.443: [INFO] CurrentProfilePath: D:\SOA PRATICES\backend\.metadata\.plugins\org.eclipse.swt\EBWebView\Default
2026-08-13 07:39:59.443: [INFO] Profiles total count: 1
2026-08-13 07:39:59.444: [INFO] Profile: name=Profile 1 path=D:\SOA PRATICES\backend\.metadata\.plugins\org.eclipse.swt\EBWebView\Default lastActive=2026-08-12T11:55:28.656Z
2026-08-13 07:39:59.444: [INFO] LastUsedProfileDir: D:\SOA PRATICES\backend\.metadata\.plugins\org.eclipse.swt\EBWebView\Default
2026-08-13 07:39:59.444: [INFO] MostRecentlyActiveProfile: name=Profile 1 path=D:\SOA PRATICES\backend\.metadata\.plugins\org.eclipse.swt\EBWebView\Default lastActive=2026-08-12T11:55:28.656Z
2026-08-13 07:39:59.444: [INFO] OnDoneLoading sync enabled: 0
2026-08-13 07:39:59.444: [INFO] BookmarkModelLoaded, ids_reassigned: 0
2026-08-13 07:39:59.444: [INFO] BookmarksLoadDropped droppedNodes=0
2026-08-13 07:39:59.444: [INFO] BookmarksSnapshot Startup total=0 bar=0 other=0 mobile=0 showBar=0 showBarNTP=1
2026-08-13 08:04:26.280: [INFO] BookmarksSnapshot Shutdown total=0 bar=0 other=0 mobile=0 showBar=0 showBarNTP=1
2026-08-13 10:13:59.928: [INFO] CurrentProfilePath: D:\SOA PRATICES\backend\.metadata\.plugins\org.eclipse.swt\EBWebView\Default
2026-08-13 10:13:59.928: [INFO] Profiles total count: 1
2026-08-13 10:13:59.928: [INFO] Profile: name=Profile 1 path=D:\SOA PRATICES\backend\.metadata\.plugins\org.eclipse.swt\EBWebView\Default lastActive=2026-08-13T07:40:39.907Z
2026-08-13 10:13:59.928: [INFO] LastUsedProfileDir: D:\SOA PRATICES\backend\.metadata\.plugins\org.eclipse.swt\EBWebView\Default
2026-08-13 10:13:59.928: [INFO] MostRecentlyActiveProfile: name=Profile 1 path=D:\SOA PRATICES\backend\.metadata\.plugins\org.eclipse.swt\EBWebView\Default lastActive=2026-08-13T07:40:39.907Z
2026-08-13 10:13:59.928: [INFO] OnDoneLoading sync enabled: 0
2026-08-13 10:13:59.928: [INFO] BookmarkModelLoaded, ids_reassigned: 0
2026-08-13 10:13:59.928: [INFO] BookmarksLoadDropped droppedNodes=0
2026-08-13 10:13:59.928: [INFO] BookmarksSnapshot Startup total=0 bar=0 other=0 mobile=0 showBar=0 showBarNTP=1
2026-08-13 11:30:15.124: [INFO] BookmarksSnapshot Shutdown total=0 bar=0 other=0 mobile=0 showBar=0 showBarNTP=1
2026-08-13 11:31:02.927: [INFO] CurrentProfilePath: D:\SOA PRATICES\backend\.metadata\.plugins\org.eclipse.swt\EBWebView\Default
2026-08-13 11:31:02.927: [INFO] Profiles total count: 1
2026-08-13 11:31:02.927: [INFO] Profile: name=Profile 1 path=D:\SOA PRATICES\backend\.metadata\.plugins\org.eclipse.swt\EBWebView\Default lastActive=2026-08-13T11:28:28.799Z
2026-08-13 11:31:02.927: [INFO] LastUsedProfileDir: D:\SOA PRATICES\backend\.metadata\.plugins\org.eclipse.swt\EBWebView\Default
2026-08-13 11:31:02.927: [INFO] MostRecentlyActiveProfile: name=Profile 1 path=D:\SOA PRATICES\backend\.metadata\.plugins\org.eclipse.swt\EBWebView\Default lastActive=2026-08-13T11:28:28.799Z
2026-08-13 11:31:02.927: [INFO] OnDoneLoading sync enabled: 0
2026-08-13 11:31:02.927: [INFO] BookmarkModelLoaded, ids_reassigned: 0
2026-08-13 11:31:02.927: [INFO] BookmarksLoadDropped droppedNodes=0
2026-08-13 11:31:02.927: [INFO] BookmarksSnapshot Startup total=0 bar=0 other=0 mobile=0 showBar=0 showBarNTP=1
2026-08-13 11:47:48.502: [INFO] BookmarksSnapshot Shutdown total=0 bar=0 other=0 mobile=0 showBar=0 showBarNTP=1
2026-08-14 01:38:25.780: [INFO] CurrentProfilePath: D:\SOA PRATICES\backend\.metadata\.plugins\org.eclipse.swt\EBWebView\Default
2026-08-14 01:38:25.780: [INFO] Profiles total count: 1
2026-08-14 01:38:25.781: [INFO] Profile: name=Profile 1 path=D:\SOA PRATICES\backend\.metadata\.plugins\org.eclipse.swt\EBWebView\Default lastActive=2026-08-13T11:28:28.799Z
2026-08-14 01:38:25.781: [INFO] LastUsedProfileDir: D:\SOA PRATICES\backend\.metadata\.plugins\org.eclipse.swt\EBWebView\Default
2026-08-14 01:38:25.781: [INFO] MostRecentlyActiveProfile: name=Profile 1 path=D:\SOA PRATICES\backend\.metadata\.plugins\org.eclipse.swt\EBWebView\Default lastActive=2026-08-13T11:28:28.799Z
2026-08-14 01:38:25.781: [INFO] OnDoneLoading sync enabled: 0
2026-08-14 01:38:25.781: [INFO] BookmarkModelLoaded, ids_reassigned: 0
2026-08-14 01:38:25.781: [INFO] BookmarksLoadDropped droppedNodes=0
2026-08-14 01:38:25.781: [INFO] BookmarksSnapshot Startup total=0 bar=0 other=0 mobile=0 showBar=0 showBarNTP=1
2026-08-14 04:10:23.630: [INFO] BookmarksSnapshot Shutdown total=0 bar=0 other=0 mobile=0 showBar=0 showBarNTP=1
2026-08-17 12:55:20.442: [INFO] CurrentProfilePath: D:\SOA PRATICES\backend\.metadata\.plugins\org.eclipse.swt\EBWebView\Default
2026-08-17 12:55:20.442: [INFO] Profiles total count: 1
2026-08-17 12:55:20.443: [INFO] Profile: name=Profile 1 path=D:\SOA PRATICES\backend\.metadata\.plugins\org.eclipse.swt\EBWebView\Default lastActive=2026-08-13T11:28:28.799Z
2026-08-17 12:55:20.443: [INFO] LastUsedProfileDir: D:\SOA PRATICES\backend\.metadata\.plugins\org.eclipse.swt\EBWebView\Default
2026-08-17 12:55:20.443: [INFO] MostRecentlyActiveProfile: name=Profile 1 path=D:\SOA PRATICES\backend\.metadata\.plugins\org.eclipse.swt\EBWebView\Default lastActive=2026-08-13T11:28:28.799Z
2026-08-17 12:55:20.443: [INFO] OnDoneLoading sync enabled: 0
2026-08-17 12:55:20.443: [INFO] BookmarkModelLoaded, ids_reassigned: 0
2026-08-17 12:55:20.443: [INFO] BookmarksLoadDropped droppedNodes=0
2026-08-17 12:55:20.443: [INFO] BookmarksSnapshot Startup total=0 bar=0 other=0 mobile=0 showBar=0 showBarNTP=1
2026-08-17 14:31:21.427: [INFO] BookmarksSnapshot Shutdown total=0 bar=0 other=0 mobile=0 showBar=0 showBarNTP=1
2026-08-19 10:14:21.510: [INFO] CurrentProfilePath: D:\SOA PRATICES\backend\.metadata\.plugins\org.eclipse.swt\EBWebView\Default
2026-08-19 10:14:21.510: [INFO] Profiles total count: 1
2026-08-19 10:14:21.511: [INFO] Profile: name=Profile 1 path=D:\SOA PRATICES\backend\.metadata\.plugins\org.eclipse.swt\EBWebView\Default lastActive=2026-08-13T11:28:28.799Z
2026-08-19 10:14:21.511: [INFO] LastUsedProfileDir: D:\SOA PRATICES\backend\.metadata\.plugins\org.eclipse.swt\EBWebView\Default
2026-08-19 10:14:21.511: [INFO] MostRecentlyActiveProfile: name=Profile 1 path=D:\SOA PRATICES\backend\.metadata\.plugins\org.eclipse.swt\EBWebView\Default lastActive=2026-08-13T11:28:28.799Z
2026-08-19 10:14:21.511: [INFO] OnDoneLoading sync enabled: 0
2026-08-19 10:14:21.511: [INFO] BookmarkModelLoaded, ids_reassigned: 0
2026-08-19 10:14:21.511: [INFO] BookmarksLoadDropped droppedNodes=0
2026-08-19 10:14:21.511: [INFO] BookmarksSnapshot Startup total=0 bar=0 other=0 mobile=0 showBar=0 showBarNTP=1
2026-08-19 12:01:37.395: [INFO] BookmarksSnapshot Shutdown total=0 bar=0 other=0 mobile=0 showBar=0 showBarNTP=1
2026-08-20 06:18:58.900: [INFO] CurrentProfilePath: D:\SOA PRATICES\backend\.metadata\.plugins\org.eclipse.swt\EBWebView\Default
2026-08-20 06:18:58.900: [INFO] Profiles total count: 1
2026-08-20 06:18:58.901: [INFO] Profile: name=Profile 1 path=D:\SOA PRATICES\backend\.metadata\.plugins\org.eclipse.swt\EBWebView\Default lastActive=2026-08-19T10:14:28.440Z
2026-08-20 06:18:58.901: [INFO] LastUsedProfileDir: D:\SOA PRATICES\backend\.metadata\.plugins\org.eclipse.swt\EBWebView\Default
2026-08-20 06:18:58.901: [INFO] MostRecentlyActiveProfile: name=Profile 1 path=D:\SOA PRATICES\backend\.metadata\.plugins\org.eclipse.swt\EBWebView\Default lastActive=2026-08-19T10:14:28.440Z
2026-08-20 06:18:58.901: [INFO] OnDoneLoading sync enabled: 0
2026-08-20 06:18:58.901: [INFO] BookmarkModelLoaded, ids_reassigned: 0
2026-08-20 06:18:58.901: [INFO] BookmarksLoadDropped droppedNodes=0
2026-08-20 06:18:58.901: [INFO] BookmarksSnapshot Startup total=0 bar=0 other=0 mobile=0 showBar=0 showBarNTP=1
2026-08-20 06:28:15.129: [INFO] BookmarksSnapshot Shutdown total=0 bar=0 other=0 mobile=0 showBar=0 showBarNTP=1
2026-08-20 06:29:35.384: [INFO] CurrentProfilePath: D:\SOA PRATICES\backend\.metadata\.plugins\org.eclipse.swt\EBWebView\Default
2026-08-20 06:29:35.384: [INFO] Profiles total count: 1
2026-08-20 06:29:35.385: [INFO] Profile: name=Profile 1 path=D:\SOA PRATICES\backend\.metadata\.plugins\org.eclipse.swt\EBWebView\Default lastActive=2026-08-19T10:14:28.440Z
2026-08-20 06:29:35.385: [INFO] LastUsedProfileDir: D:\SOA PRATICES\backend\.metadata\.plugins\org.eclipse.swt\EBWebView\Default
2026-08-20 06:29:35.385: [INFO] MostRecentlyActiveProfile: name=Profile 1 path=D:\SOA PRATICES\backend\.metadata\.plugins\org.eclipse.swt\EBWebView\Default lastActive=2026-08-19T10:14:28.440Z
2026-08-20 06:29:35.385: [INFO] OnDoneLoading sync enabled: 0
2026-08-20 06:29:35.385: [INFO] BookmarkModelLoaded, ids_reassigned: 0
2026-08-20 06:29:35.385: [INFO] BookmarksLoadDropped droppedNodes=0
2026-08-20 06:29:35.385: [INFO] BookmarksSnapshot Startup total=0 bar=0 other=0 mobile=0 showBar=0 showBarNTP=1
2026-08-20 06:33:44.988: [INFO] BookmarksSnapshot Shutdown total=0 bar=0 other=0 mobile=0 showBar=0 showBarNTP=1
2026-08-20 09:26:52.888: [INFO] CurrentProfilePath: D:\SOA PRATICES\backend\.metadata\.plugins\org.eclipse.swt\EBWebView\Default
2026-08-20 09:26:52.888: [INFO] Profiles total count: 1
2026-08-20 09:26:52.889: [INFO] Profile: name=Profile 1 path=D:\SOA PRATICES\backend\.metadata\.plugins\org.eclipse.swt\EBWebView\Default lastActive=2026-08-19T10:14:28.440Z
2026-08-20 09:26:52.889: [INFO] LastUsedProfileDir: D:\SOA PRATICES\backend\.metadata\.plugins\org.eclipse.swt\EBWebView\Default
2026-08-20 09:26:52.889: [INFO] MostRecentlyActiveProfile: name=Profile 1 path=D:\SOA PRATICES\backend\.metadata\.plugins\org.eclipse.swt\EBWebView\Default lastActive=2026-08-19T10:14:28.440Z
2026-08-20 09:26:52.889: [INFO] OnDoneLoading sync enabled: 0
2026-08-20 09:26:52.889: [INFO] BookmarkModelLoaded, ids_reassigned: 0
2026-08-20 09:26:52.889: [INFO] BookmarksLoadDropped droppedNodes=0
2026-08-20 09:26:52.889: [INFO] BookmarksSnapshot Startup total=0 bar=0 other=0 mobile=0 showBar=0 showBarNTP=1
2026-08-20 09:49:53.767: [INFO] BookmarksSnapshot Shutdown total=0 bar=0 other=0 mobile=0 showBar=0 showBarNTP=1
2026-08-20 10:11:20.193: [INFO] CurrentProfilePath: D:\SOA PRATICES\backend\.metadata\.plugins\org.eclipse.swt\EBWebView\Default
2026-08-20 10:11:20.193: [INFO] Profiles total count: 1
2026-08-20 10:11:20.194: [INFO] Profile: name=Profile 1 path=D:\SOA PRATICES\backend\.metadata\.plugins\org.eclipse.swt\EBWebView\Default lastActive=2026-08-20T09:38:03.098Z
2026-08-20 10:11:20.194: [INFO] LastUsedProfileDir: D:\SOA PRATICES\backend\.metadata\.plugins\org.eclipse.swt\EBWebView\Default
2026-08-20 10:11:20.194: [INFO] MostRecentlyActiveProfile: name=Profile 1 path=D:\SOA PRATICES\backend\.metadata\.plugins\org.eclipse.swt\EBWebView\Default lastActive=2026-08-20T09:38:03.098Z
2026-08-20 10:11:20.194: [INFO] OnDoneLoading sync enabled: 0
2026-08-20 10:11:20.194: [INFO] BookmarkModelLoaded, ids_reassigned: 0
2026-08-20 10:11:20.194: [INFO] BookmarksLoadDropped droppedNodes=0
2026-08-20 10:11:20.194: [INFO] BookmarksSnapshot Startup total=0 bar=0 other=0 mobile=0 showBar=0 showBarNTP=1
2026-08-20 12:00:33.509: [INFO] BookmarksSnapshot Shutdown total=0 bar=0 other=0 mobile=0 showBar=0 showBarNTP=1
2026-08-20 15:54:37.076: [INFO] CurrentProfilePath: D:\SOA PRATICES\backend\.metadata\.plugins\org.eclipse.swt\EBWebView\Default
2026-08-20 15:54:37.076: [INFO] Profiles total count: 1
2026-08-20 15:54:37.076: [INFO] Profile: name=Profile 1 path=D:\SOA PRATICES\backend\.metadata\.plugins\org.eclipse.swt\EBWebView\Default lastActive=2026-08-20T10:14:34.007Z
2026-08-20 15:54:37.076: [INFO] LastUsedProfileDir: D:\SOA PRATICES\backend\.metadata\.plugins\org.eclipse.swt\EBWebView\Default
2026-08-20 15:54:37.076: [INFO] MostRecentlyActiveProfile: name=Profile 1 path=D:\SOA PRATICES\backend\.metadata\.plugins\org.eclipse.swt\EBWebView\Default lastActive=2026-08-20T10:14:34.007Z
2026-08-20 15:54:37.076: [INFO] OnDoneLoading sync enabled: 0
2026-08-20 15:54:37.076: [INFO] BookmarkModelLoaded, ids_reassigned: 0
2026-08-20 15:54:37.076: [INFO] BookmarksLoadDropped droppedNodes=0
2026-08-20 15:54:37.076: [INFO] BookmarksSnapshot Startup total=0 bar=0 other=0 mobile=0 showBar=0 showBarNTP=1
2026-08-20 16:46:55.272: [INFO] BookmarksSnapshot Shutdown total=0 bar=0 other=0 mobile=0 showBar=0 showBarNTP=1
2026-08-20 16:58:03.007: [INFO] CurrentProfilePath: D:\SOA PRATICES\backend\.metadata\.plugins\org.eclipse.swt\EBWebView\Default
2026-08-20 16:58:03.007: [INFO] Profiles total count: 1
2026-08-20 16:58:03.008: [INFO] Profile: name=Profile 1 path=D:\SOA PRATICES\backend\.metadata\.plugins\org.eclipse.swt\EBWebView\Default lastActive=2026-08-20T10:14:34.007Z
2026-08-20 16:58:03.008: [INFO] LastUsedProfileDir: D:\SOA PRATICES\backend\.metadata\.plugins\org.eclipse.swt\EBWebView\Default
2026-08-20 16:58:03.008: [INFO] MostRecentlyActiveProfile: name=Profile 1 path=D:\SOA PRATICES\backend\.metadata\.plugins\org.eclipse.swt\EBWebView\Default lastActive=2026-08-20T10:14:34.007Z
2026-08-20 16:58:03.008: [INFO] OnDoneLoading sync enabled: 0
2026-08-20 16:58:03.008: [INFO] BookmarkModelLoaded, ids_reassigned: 0
2026-08-20 16:58:03.008: [INFO] BookmarksLoadDropped droppedNodes=0
2026-08-20 16:58:03.008: [INFO] BookmarksSnapshot Startup total=0 bar=0 other=0 mobile=0 showBar=0 showBarNTP=1
2026-08-20 17:04:55.734: [INFO] BookmarksSnapshot Shutdown total=0 bar=0 other=0 mobile=0 showBar=0 showBarNTP=1
2026-08-21 05:12:07.813: [INFO] CurrentProfilePath: D:\SOA PRATICES\backend\.metadata\.plugins\org.eclipse.swt\EBWebView\Default
2026-08-21 05:12:07.813: [INFO] Profiles total count: 1
2026-08-21 05:12:07.813: [INFO] Profile: name=Profile 1 path=D:\SOA PRATICES\backend\.metadata\.plugins\org.eclipse.swt\EBWebView\Default lastActive=2026-08-20T10:14:34.007Z
2026-08-21 05:12:07.813: [INFO] LastUsedProfileDir: D:\SOA PRATICES\backend\.metadata\.plugins\org.eclipse.swt\EBWebView\Default
2026-08-21 05:12:07.813: [INFO] MostRecentlyActiveProfile: name=Profile 1 path=D:\SOA PRATICES\backend\.metadata\.plugins\org.eclipse.swt\EBWebView\Default lastActive=2026-08-20T10:14:34.007Z
2026-08-21 05:12:07.813: [INFO] OnDoneLoading sync enabled: 0
2026-08-21 05:12:07.813: [INFO] BookmarkModelLoaded, ids_reassigned: 0
2026-08-21 05:12:07.813: [INFO] BookmarksLoadDropped droppedNodes=0
2026-08-21 05:12:07.813: [INFO] BookmarksSnapshot Startup total=0 bar=0 other=0 mobile=0 showBar=0 showBarNTP=1
2026-08-21 08:26:23.095: [INFO] BookmarksSnapshot Shutdown total=0 bar=0 other=0 mobile=0 showBar=0 showBarNTP=1
2026-08-21 10:28:38.576: [INFO] CurrentProfilePath: D:\SOA PRATICES\backend\.metadata\.plugins\org.eclipse.swt\EBWebView\Default
2026-08-21 10:28:38.576: [INFO] Profiles total count: 1
2026-08-21 10:28:38.576: [INFO] Profile: name=Profile 1 path=D:\SOA PRATICES\backend\.metadata\.plugins\org.eclipse.swt\EBWebView\Default lastActive=2026-08-21T05:12:20.996Z
2026-08-21 10:28:38.576: [INFO] LastUsedProfileDir: D:\SOA PRATICES\backend\.metadata\.plugins\org.eclipse.swt\EBWebView\Default
2026-08-21 10:28:38.576: [INFO] MostRecentlyActiveProfile: name=Profile 1 path=D:\SOA PRATICES\backend\.metadata\.plugins\org.eclipse.swt\EBWebView\Default lastActive=2026-08-21T05:12:20.996Z
2026-08-21 10:28:38.576: [INFO] OnDoneLoading sync enabled: 0
2026-08-21 10:28:38.576: [INFO] BookmarkModelLoaded, ids_reassigned: 0
2026-08-21 10:28:38.576: [INFO] BookmarksLoadDropped droppedNodes=0
2026-08-21 10:28:38.576: [INFO] BookmarksSnapshot Startup total=0 bar=0 other=0 mobile=0 showBar=0 showBarNTP=1
2026-08-21 12:08:55.206: [INFO] BookmarksSnapshot Shutdown total=0 bar=0 other=0 mobile=0 showBar=0 showBarNTP=1
2026-08-21 12:36:48.749: [INFO] CurrentProfilePath: D:\SOA PRATICES\backend\.metadata\.plugins\org.eclipse.swt\EBWebView\Default
2026-08-21 12:36:48.749: [INFO] Profiles total count: 1
2026-08-21 12:36:48.750: [INFO] Profile: name=Profile 1 path=D:\SOA PRATICES\backend\.metadata\.plugins\org.eclipse.swt\EBWebView\Default lastActive=2026-08-21T11:22:34.151Z
2026-08-21 12:36:48.750: [INFO] LastUsedProfileDir: D:\SOA PRATICES\backend\.metadata\.plugins\org.eclipse.swt\EBWebView\Default
2026-08-21 12:36:48.750: [INFO] MostRecentlyActiveProfile: name=Profile 1 path=D:\SOA PRATICES\backend\.metadata\.plugins\org.eclipse.swt\EBWebView\Default lastActive=2026-08-21T11:22:34.151Z
2026-08-21 12:36:48.750: [INFO] OnDoneLoading sync enabled: 0
2026-08-21 12:36:48.750: [INFO] BookmarkModelLoaded, ids_reassigned: 0
2026-08-21 12:36:48.750: [INFO] BookmarksLoadDropped droppedNodes=0
2026-08-21 12:36:48.750: [INFO] BookmarksSnapshot Startup total=0 bar=0 other=0 mobile=0 showBar=0 showBarNTP=1
2026-08-21 12:58:10.679: [INFO] BookmarksSnapshot Shutdown total=0 bar=0 other=0 mobile=0 showBar=0 showBarNTP=1
2026-08-21 16:30:45.030: [INFO] CurrentProfilePath: D:\SOA PRATICES\backend\.metadata\.plugins\org.eclipse.swt\EBWebView\Default
2026-08-21 16:30:45.030: [INFO] Profiles total count: 1
2026-08-21 16:30:45.030: [INFO] Profile: name=Profile 1 path=D:\SOA PRATICES\backend\.metadata\.plugins\org.eclipse.swt\EBWebView\Default lastActive=2026-08-21T12:47:57.944Z
2026-08-21 16:30:45.030: [INFO] LastUsedProfileDir: D:\SOA PRATICES\backend\.metadata\.plugins\org.eclipse.swt\EBWebView\Default
2026-08-21 16:30:45.030: [INFO] MostRecentlyActiveProfile: name=Profile 1 path=D:\SOA PRATICES\backend\.metadata\.plugins\org.eclipse.swt\EBWebView\Default lastActive=2026-08-21T12:47:57.944Z
2026-08-21 16:30:45.030: [INFO] OnDoneLoading sync enabled: 0
2026-08-21 16:30:45.030: [INFO] BookmarkModelLoaded, ids_reassigned: 0
2026-08-21 16:30:45.030: [INFO] BookmarksLoadDropped droppedNodes=0
2026-08-21 16:30:45.030: [INFO] BookmarksSnapshot Startup total=0 bar=0 other=0 mobile=0 showBar=0 showBarNTP=1
2026-08-21 16:53:31.920: [INFO] BookmarksSnapshot Shutdown total=0 bar=0 other=0 mobile=0 showBar=0 showBarNTP=1
2026-08-22 04:52:29.886: [INFO] CurrentProfilePath: D:\SOA PRATICES\backend\.metadata\.plugins\org.eclipse.swt\EBWebView\Default
2026-08-22 04:52:29.886: [INFO] Profiles total count: 1
2026-08-22 04:52:29.893: [INFO] Profile: name=Profile 1 path=D:\SOA PRATICES\backend\.metadata\.plugins\org.eclipse.swt\EBWebView\Default lastActive=2026-08-21T12:47:57.944Z
2026-08-22 04:52:29.893: [INFO] LastUsedProfileDir: D:\SOA PRATICES\backend\.metadata\.plugins\org.eclipse.swt\EBWebView\Default
2026-08-22 04:52:29.893: [INFO] MostRecentlyActiveProfile: name=Profile 1 path=D:\SOA PRATICES\backend\.metadata\.plugins\org.eclipse.swt\EBWebView\Default lastActive=2026-08-21T12:47:57.944Z
2026-08-22 04:52:29.893: [INFO] OnDoneLoading sync enabled: 0
2026-08-22 04:52:29.893: [INFO] BookmarkModelLoaded, ids_reassigned: 0
2026-08-22 04:52:29.893: [INFO] BookmarksLoadDropped droppedNodes=0
2026-08-22 04:52:29.893: [INFO] BookmarksSnapshot Startup total=0 bar=0 other=0 mobile=0 showBar=0 showBarNTP=1
2026-08-22 04:55:20.742: [INFO] BookmarksSnapshot Shutdown total=0 bar=0 other=0 mobile=0 showBar=0 showBarNTP=1
2026-08-26 09:18:06.249: [INFO] CurrentProfilePath: D:\SOA PRATICES\backend\.metadata\.plugins\org.eclipse.swt\EBWebView\Default
2026-08-26 09:18:06.249: [INFO] Profiles total count: 1
2026-08-26 09:18:06.249: [INFO] Profile: name=Profile 1 path=D:\SOA PRATICES\backend\.metadata\.plugins\org.eclipse.swt\EBWebView\Default lastActive=2026-08-22T04:52:31.240Z
2026-08-26 09:18:06.249: [INFO] LastUsedProfileDir: D:\SOA PRATICES\backend\.metadata\.plugins\org.eclipse.swt\EBWebView\Default
2026-08-26 09:18:06.249: [INFO] MostRecentlyActiveProfile: name=Profile 1 path=D:\SOA PRATICES\backend\.metadata\.plugins\org.eclipse.swt\EBWebView\Default lastActive=2026-08-22T04:52:31.240Z
2026-08-26 09:18:06.249: [INFO] OnDoneLoading sync enabled: 0
2026-08-26 09:18:06.249: [INFO] BookmarkModelLoaded, ids_reassigned: 0
2026-08-26 09:18:06.249: [INFO] BookmarksLoadDropped droppedNodes=0
2026-08-26 09:18:06.249: [INFO] BookmarksSnapshot Startup total=0 bar=0 other=0 mobile=0 showBar=0 showBarNTP=1
2026-08-26 09:20:46.742: [INFO] BookmarksSnapshot Shutdown total=0 bar=0 other=0 mobile=0 showBar=0 showBarNTP=1
2026-08-26 10:15:17.836: [INFO] CurrentProfilePath: D:\SOA PRATICES\backend\.metadata\.plugins\org.eclipse.swt\EBWebView\Default
2026-08-26 10:15:17.836: [INFO] Profiles total count: 1
2026-08-26 10:15:17.836: [INFO] Profile: name=Profile 1 path=D:\SOA PRATICES\backend\.metadata\.plugins\org.eclipse.swt\EBWebView\Default lastActive=2026-08-22T04:52:31.240Z
2026-08-26 10:15:17.836: [INFO] LastUsedProfileDir: D:\SOA PRATICES\backend\.metadata\.plugins\org.eclipse.swt\EBWebView\Default
2026-08-26 10:15:17.836: [INFO] MostRecentlyActiveProfile: name=Profile 1 path=D:\SOA PRATICES\backend\.metadata\.plugins\org.eclipse.swt\EBWebView\Default lastActive=2026-08-22T04:52:31.240Z
2026-08-26 10:15:17.836: [INFO] OnDoneLoading sync enabled: 0
2026-08-26 10:15:17.836: [INFO] BookmarkModelLoaded, ids_reassigned: 0
2026-08-26 10:15:17.836: [INFO] BookmarksLoadDropped droppedNodes=0
2026-08-26 10:15:17.836: [INFO] BookmarksSnapshot Startup total=0 bar=0 other=0 mobile=0 showBar=0 showBarNTP=1
2026-08-26 11:48:36.231: [INFO] BookmarksSnapshot Shutdown total=0 bar=0 other=0 mobile=0 showBar=0 showBarNTP=1
2026-08-26 11:53:49.236: [INFO] CurrentProfilePath: D:\SOA PRATICES\backend\.metadata\.plugins\org.eclipse.swt\EBWebView\Default
2026-08-26 11:53:49.236: [INFO] Profiles total count: 1
2026-08-26 11:53:49.236: [INFO] Profile: name=Profile 1 path=D:\SOA PRATICES\backend\.metadata\.plugins\org.eclipse.swt\EBWebView\Default lastActive=2026-08-26T10:15:21.417Z
2026-08-26 11:53:49.236: [INFO] LastUsedProfileDir: D:\SOA PRATICES\backend\.metadata\.plugins\org.eclipse.swt\EBWebView\Default
2026-08-26 11:53:49.236: [INFO] MostRecentlyActiveProfile: name=Profile 1 path=D:\SOA PRATICES\backend\.metadata\.plugins\org.eclipse.swt\EBWebView\Default lastActive=2026-08-26T10:15:21.417Z
2026-08-26 11:53:49.236: [INFO] OnDoneLoading sync enabled: 0
2026-08-26 11:53:49.236: [INFO] BookmarkModelLoaded, ids_reassigned: 0
2026-08-26 11:53:49.236: [INFO] BookmarksLoadDropped droppedNodes=0
2026-08-26 11:53:49.236: [INFO] BookmarksSnapshot Startup total=0 bar=0 other=0 mobile=0 showBar=0 showBarNTP=1
2026-08-26 12:06:29.414: [INFO] BookmarksSnapshot Shutdown total=0 bar=0 other=0 mobile=0 showBar=0 showBarNTP=1
2026-08-26 12:24:03.836: [INFO] CurrentProfilePath: D:\SOA PRATICES\backend\.metadata\.plugins\org.eclipse.swt\EBWebView\Default
2026-08-26 12:24:03.836: [INFO] Profiles total count: 1
2026-08-26 12:24:03.836: [INFO] Profile: name=Profile 1 path=D:\SOA PRATICES\backend\.metadata\.plugins\org.eclipse.swt\EBWebView\Default lastActive=2026-08-26T10:15:21.417Z
2026-08-26 12:24:03.836: [INFO] LastUsedProfileDir: D:\SOA PRATICES\backend\.metadata\.plugins\org.eclipse.swt\EBWebView\Default
2026-08-26 12:24:03.836: [INFO] MostRecentlyActiveProfile: name=Profile 1 path=D:\SOA PRATICES\backend\.metadata\.plugins\org.eclipse.swt\EBWebView\Default lastActive=2026-08-26T10:15:21.417Z
2026-08-26 12:24:03.836: [INFO] OnDoneLoading sync enabled: 0
2026-08-26 12:24:03.836: [INFO] BookmarkModelLoaded, ids_reassigned: 0
2026-08-26 12:24:03.836: [INFO] BookmarksLoadDropped droppedNodes=0
2026-08-26 12:24:03.836: [INFO] BookmarksSnapshot Startup total=0 bar=0 other=0 mobile=0 showBar=0 showBarNTP=1
2026-08-26 12:54:15.429: [INFO] BookmarksSnapshot Shutdown total=0 bar=0 other=0 mobile=0 showBar=0 showBarNTP=1
2026-08-26 14:01:44.098: [INFO] CurrentProfilePath: D:\SOA PRATICES\backend\.metadata\.plugins\org.eclipse.swt\EBWebView\Default
2026-08-26 14:01:44.098: [INFO] Profiles total count: 1
2026-08-26 14:01:44.098: [INFO] Profile: name=Profile 1 path=D:\SOA PRATICES\backend\.metadata\.plugins\org.eclipse.swt\EBWebView\Default lastActive=2026-08-26T10:15:21.417Z
2026-08-26 14:01:44.098: [INFO] LastUsedProfileDir: D:\SOA PRATICES\backend\.metadata\.plugins\org.eclipse.swt\EBWebView\Default
2026-08-26 14:01:44.098: [INFO] MostRecentlyActiveProfile: name=Profile 1 path=D:\SOA PRATICES\backend\.metadata\.plugins\org.eclipse.swt\EBWebView\Default lastActive=2026-08-26T10:15:21.417Z
2026-08-26 14:01:44.098: [INFO] OnDoneLoading sync enabled: 0
2026-08-26 14:01:44.098: [INFO] BookmarkModelLoaded, ids_reassigned: 0
2026-08-26 14:01:44.098: [INFO] BookmarksLoadDropped droppedNodes=0
2026-08-26 14:01:44.098: [INFO] BookmarksSnapshot Startup total=0 bar=0 other=0 mobile=0 showBar=0 showBarNTP=1
2026-08-26 15:25:57.776: [INFO] BookmarksSnapshot Shutdown total=0 bar=0 other=0 mobile=0 showBar=0 showBarNTP=1
2026-08-26 15:53:06.787: [INFO] CurrentProfilePath: D:\SOA PRATICES\backend\.metadata\.plugins\org.eclipse.swt\EBWebView\Default
2026-08-26 15:53:06.787: [INFO] Profiles total count: 1
2026-08-26 15:53:06.787: [INFO] Profile: name=Profile 1 path=D:\SOA PRATICES\backend\.metadata\.plugins\org.eclipse.swt\EBWebView\Default lastActive=2026-08-26T15:25:56.089Z
2026-08-26 15:53:06.787: [INFO] LastUsedProfileDir: D:\SOA PRATICES\backend\.metadata\.plugins\org.eclipse.swt\EBWebView\Default
2026-08-26 15:53:06.787: [INFO] MostRecentlyActiveProfile: name=Profile 1 path=D:\SOA PRATICES\backend\.metadata\.plugins\org.eclipse.swt\EBWebView\Default lastActive=2026-08-26T15:25:56.089Z
2026-08-26 15:53:06.787: [INFO] OnDoneLoading sync enabled: 0
2026-08-26 15:53:06.787: [INFO] BookmarkModelLoaded, ids_reassigned: 0
2026-08-26 15:53:06.787: [INFO] BookmarksLoadDropped droppedNodes=0
2026-08-26 15:53:06.787: [INFO] BookmarksSnapshot Startup total=0 bar=0 other=0 mobile=0 showBar=0 showBarNTP=1
2026-08-26 16:48:55.045: [INFO] BookmarksSnapshot Shutdown total=0 bar=0 other=0 mobile=0 showBar=0 showBarNTP=1
2026-08-27 05:38:30.634: [INFO] CurrentProfilePath: D:\SOA PRATICES\backend\.metadata\.plugins\org.eclipse.swt\EBWebView\Default
2026-08-27 05:38:30.634: [INFO] Profiles total count: 1
2026-08-27 05:38:30.635: [INFO] Profile: name=Profile 1 path=D:\SOA PRATICES\backend\.metadata\.plugins\org.eclipse.swt\EBWebView\Default lastActive=2026-08-26T15:25:56.089Z
2026-08-27 05:38:30.635: [INFO] LastUsedProfileDir: D:\SOA PRATICES\backend\.metadata\.plugins\org.eclipse.swt\EBWebView\Default
2026-08-27 05:38:30.635: [INFO] MostRecentlyActiveProfile: name=Profile 1 path=D:\SOA PRATICES\backend\.metadata\.plugins\org.eclipse.swt\EBWebView\Default lastActive=2026-08-26T15:25:56.089Z
2026-08-27 05:38:30.635: [INFO] OnDoneLoading sync enabled: 0
2026-08-27 05:38:30.635: [INFO] BookmarkModelLoaded, ids_reassigned: 0
2026-08-27 05:38:30.635: [INFO] BookmarksLoadDropped droppedNodes=0
2026-08-27 05:38:30.635: [INFO] BookmarksSnapshot Startup total=0 bar=0 other=0 mobile=0 showBar=0 showBarNTP=1
2026-08-27 06:33:14.700: [INFO] BookmarksSnapshot Shutdown total=0 bar=0 other=0 mobile=0 showBar=0 showBarNTP=1
2026-08-27 08:45:25.157: [INFO] CurrentProfilePath: D:\SOA PRATICES\backend\.metadata\.plugins\org.eclipse.swt\EBWebView\Default
2026-08-27 08:45:25.157: [INFO] Profiles total count: 1
2026-08-27 08:45:25.157: [INFO] Profile: name=Profile 1 path=D:\SOA PRATICES\backend\.metadata\.plugins\org.eclipse.swt\EBWebView\Default lastActive=2026-08-27T05:38:32.461Z
2026-08-27 08:45:25.157: [INFO] LastUsedProfileDir: D:\SOA PRATICES\backend\.metadata\.plugins\org.eclipse.swt\EBWebView\Default
2026-08-27 08:45:25.157: [INFO] MostRecentlyActiveProfile: name=Profile 1 path=D:\SOA PRATICES\backend\.metadata\.plugins\org.eclipse.swt\EBWebView\Default lastActive=2026-08-27T05:38:32.461Z
2026-08-27 08:45:25.157: [INFO] OnDoneLoading sync enabled: 0
2026-08-27 08:45:25.157: [INFO] BookmarkModelLoaded, ids_reassigned: 0
2026-08-27 08:45:25.157: [INFO] BookmarksLoadDropped droppedNodes=0
2026-08-27 08:45:25.157: [INFO] BookmarksSnapshot Startup total=0 bar=0 other=0 mobile=0 showBar=0 showBarNTP=1
2026-08-27 08:55:52.349: [INFO] BookmarksSnapshot Shutdown total=0 bar=0 other=0 mobile=0 showBar=0 showBarNTP=1
2026-08-27 09:01:52.164: [INFO] CurrentProfilePath: D:\SOA PRATICES\backend\.metadata\.plugins\org.eclipse.swt\EBWebView\Default
2026-08-27 09:01:52.164: [INFO] Profiles total count: 1
2026-08-27 09:01:52.164: [INFO] Profile: name=Profile 1 path=D:\SOA PRATICES\backend\.metadata\.plugins\org.eclipse.swt\EBWebView\Default lastActive=2026-08-27T08:45:27.813Z
2026-08-27 09:01:52.164: [INFO] LastUsedProfileDir: D:\SOA PRATICES\backend\.metadata\.plugins\org.eclipse.swt\EBWebView\Default
2026-08-27 09:01:52.164: [INFO] MostRecentlyActiveProfile: name=Profile 1 path=D:\SOA PRATICES\backend\.metadata\.plugins\org.eclipse.swt\EBWebView\Default lastActive=2026-08-27T08:45:27.813Z
2026-08-27 09:01:52.164: [INFO] OnDoneLoading sync enabled: 0
2026-08-27 09:01:52.164: [INFO] BookmarkModelLoaded, ids_reassigned: 0
2026-08-27 09:01:52.164: [INFO] BookmarksLoadDropped droppedNodes=0
2026-08-27 09:01:52.164: [INFO] BookmarksSnapshot Startup total=0 bar=0 other=0 mobile=0 showBar=0 showBarNTP=1
2026-08-27 09:03:01.723: [INFO] BookmarksSnapshot Shutdown total=0 bar=0 other=0 mobile=0 showBar=0 showBarNTP=1
2026-08-27 10:16:05.800: [INFO] CurrentProfilePath: D:\SOA PRATICES\backend\.metadata\.plugins\org.eclipse.swt\EBWebView\Default
2026-08-27 10:16:05.800: [INFO] Profiles total count: 1
2026-08-27 10:16:05.800: [INFO] Profile: name=Profile 1 path=D:\SOA PRATICES\backend\.metadata\.plugins\org.eclipse.swt\EBWebView\Default lastActive=2026-08-27T08:45:27.813Z
2026-08-27 10:16:05.800: [INFO] LastUsedProfileDir: D:\SOA PRATICES\backend\.metadata\.plugins\org.eclipse.swt\EBWebView\Default
2026-08-27 10:16:05.800: [INFO] MostRecentlyActiveProfile: name=Profile 1 path=D:\SOA PRATICES\backend\.metadata\.plugins\org.eclipse.swt\EBWebView\Default lastActive=2026-08-27T08:45:27.813Z
2026-08-27 10:16:05.800: [INFO] OnDoneLoading sync enabled: 0
2026-08-27 10:16:05.800: [INFO] BookmarkModelLoaded, ids_reassigned: 0
2026-08-27 10:16:05.800: [INFO] BookmarksLoadDropped droppedNodes=0
2026-08-27 10:16:05.800: [INFO] BookmarksSnapshot Startup total=0 bar=0 other=0 mobile=0 showBar=0 showBarNTP=1
2026-08-27 11:57:12.339: [INFO] BookmarksSnapshot Shutdown total=0 bar=0 other=0 mobile=0 showBar=0 showBarNTP=1
2026-08-28 01:45:39.210: [INFO] CurrentProfilePath: D:\SOA PRATICES\backend\.metadata\.plugins\org.eclipse.swt\EBWebView\Default
2026-08-28 01:45:39.210: [INFO] Profiles total count: 1
2026-08-28 01:45:39.210: [INFO] Profile: name=Profile 1 path=D:\SOA PRATICES\backend\.metadata\.plugins\org.eclipse.swt\EBWebView\Default lastActive=2026-08-27T11:44:42.846Z
2026-08-28 01:45:39.210: [INFO] LastUsedProfileDir: D:\SOA PRATICES\backend\.metadata\.plugins\org.eclipse.swt\EBWebView\Default
2026-08-28 01:45:39.210: [INFO] MostRecentlyActiveProfile: name=Profile 1 path=D:\SOA PRATICES\backend\.metadata\.plugins\org.eclipse.swt\EBWebView\Default lastActive=2026-08-27T11:44:42.846Z
2026-08-28 01:45:39.210: [INFO] OnDoneLoading sync enabled: 0
2026-08-28 01:45:39.210: [INFO] BookmarkModelLoaded, ids_reassigned: 0
2026-08-28 01:45:39.210: [INFO] BookmarksLoadDropped droppedNodes=0
2026-08-28 01:45:39.210: [INFO] BookmarksSnapshot Startup total=0 bar=0 other=0 mobile=0 showBar=0 showBarNTP=1
